visiting value at #PrimitiveTypes: ???<#PrimitiveTypes: Struct>
visiting value at #PrimitiveTypes.text: (No ???<#PrimitiveTypes.text: String>)
visiting expression: (No ???<#PrimitiveTypes.text: String>)
visiting value at #PrimitiveTypes.integer: (No ???<#PrimitiveTypes.integer: Int>)
visiting expression: (No ???<#PrimitiveTypes.integer: Int>)
visiting value at #PrimitiveTypes.decimal: (No ???<#PrimitiveTypes.decimal: Number>)
visiting expression: (No ???<#PrimitiveTypes.decimal: Number>)
visiting value at #PrimitiveTypes.enabled: (No ???<#PrimitiveTypes.enabled: Bool>)
visiting expression: (No ???<#PrimitiveTypes.enabled: Bool>)
visiting value at #ConcreteValues: {"status":"active","version":1,"enabled":true}
visiting value at #ConcreteValues.status: "active"
visiting value at #ConcreteValues.version: 1
visiting value at #ConcreteValues.enabled: true
visiting value at #OptionalAndNullable: ???<#OptionalAndNullable: Struct>
visiting value at #OptionalAndNullable.required: (No ???<#OptionalAndNullable.required: String>)
visiting expression: (No ???<#OptionalAndNullable.required: String>)
visiting value at #OptionalAndNullable.optional: (No ???<#OptionalAndNullable.optional: String>)
visiting expression: (No ???<#OptionalAndNullable.optional: String>)
visiting value at #OptionalAndNullable.nullable: (Or null (No ???<#OptionalAndNullable.nullable: String>))
visiting value at #OptionalAndNullable.nullable: null
visiting value at #OptionalAndNullable.nullable: (No ???<#OptionalAndNullable.nullable: String>)
visiting expression: (No ???<#OptionalAndNullable.nullable: String>)
visiting value at #OptionalAndNullable.optionalNullable: (Or null (No ???<#OptionalAndNullable.optionalNullable: String>))
visiting value at #OptionalAndNullable.optionalNullable: null
visiting value at #OptionalAndNullable.optionalNullable: (No ???<#OptionalAndNullable.optionalNullable: String>)
visiting expression: (No ???<#OptionalAndNullable.optionalNullable: String>)
visiting value at #ConstrainedValues: ???<#ConstrainedValues: Struct>
visiting value at #ConstrainedValues.age: (And (And (No ???<#ConstrainedValues.age: Int>) (GreaterThanEqual 0)) (LessThanEqual 150))
visiting expression: (And (And (No ???<#ConstrainedValues.age: Int>) (GreaterThanEqual 0)) (LessThanEqual 150))
visiting expression: (And (No ???<#ConstrainedValues.age: Int>) (GreaterThanEqual 0))
visiting expression: (No ???<#ConstrainedValues.age: Int>)
visiting expression: (GreaterThanEqual 0)
visiting expression: 0
visiting expression: (LessThanEqual 150)
visiting expression: 150
visiting value at #ConstrainedValues.percentage: (And (And (No ???<#ConstrainedValues.percentage: Number>) (GreaterThanEqual 0)) (LessThanEqual 100))
visiting expression: (And (And (No ???<#ConstrainedValues.percentage: Number>) (GreaterThanEqual 0)) (LessThanEqual 100))
visiting expression: (And (No ???<#ConstrainedValues.percentage: Number>) (GreaterThanEqual 0))
visiting expression: (No ???<#ConstrainedValues.percentage: Number>)
visiting expression: (GreaterThanEqual 0)
visiting expression: 0
visiting expression: (LessThanEqual 100)
visiting expression: 100
visiting value at #ConstrainedValues.email: (And (No ???<#ConstrainedValues.email: String>) (RegexMatch "^.+@.+$"))
visiting expression: (And (No ???<#ConstrainedValues.email: String>) (RegexMatch "^.+@.+$"))
visiting expression: (No ???<#ConstrainedValues.email: String>)
visiting expression: (RegexMatch "^.+@.+$")
visiting expression: "^.+@.+$"
visiting value at #Status: (Or "pending" "running" "completed")
visiting expression: (Or "pending" "running" "completed")
visiting expression: "pending"
visiting expression: "running"
visiting expression: "completed"
visiting value at #Priority: (Or 1 2 3)
visiting expression: (Or 1 2 3)
visiting expression: 1
visiting expression: 2
visiting expression: 3
visiting value at #AnyString: (No ???<#AnyString: String>)
visiting expression: (No ???<#AnyString: String>)
visiting value at #NonEmptyString: (And (No ???<#NonEmptyString: String>) (NotEqual ""))
visiting expression: (And (No ???<#NonEmptyString: String>) (NotEqual ""))
visiting expression: (No ???<#NonEmptyString: String>)
visiting expression: (NotEqual "")
visiting expression: ""
visiting value at #EmailString: (And (No ???<#EmailString: String>) (RegexMatch "^.+@.+$"))
visiting expression: (And (No ???<#EmailString: String>) (RegexMatch "^.+@.+$"))
visiting expression: (No ???<#EmailString: String>)
visiting expression: (RegexMatch "^.+@.+$")
visiting expression: "^.+@.+$"
visiting value at #LiteralString: "hello"
visiting value at #StringChoice: (Or "alpha" "beta" "gamma")
visiting expression: (Or "alpha" "beta" "gamma")
visiting expression: "alpha"
visiting expression: "beta"
visiting expression: "gamma"
visiting value at #AnyInt: (No ???<#AnyInt: Int>)
visiting expression: (No ???<#AnyInt: Int>)
visiting value at #PositiveInt: (And (No ???<#PositiveInt: Int>) (GreaterThan 0))
visiting expression: (And (No ???<#PositiveInt: Int>) (GreaterThan 0))
visiting expression: (No ???<#PositiveInt: Int>)
visiting expression: (GreaterThan 0)
visiting expression: 0
visiting value at #BoundedInt: (And (And (No ???<#BoundedInt: Int>) (GreaterThanEqual 1)) (LessThanEqual 10))
visiting expression: (And (And (No ???<#BoundedInt: Int>) (GreaterThanEqual 1)) (LessThanEqual 10))
visiting expression: (And (No ???<#BoundedInt: Int>) (GreaterThanEqual 1))
visiting expression: (No ???<#BoundedInt: Int>)
visiting expression: (GreaterThanEqual 1)
visiting expression: 1
visiting expression: (LessThanEqual 10)
visiting expression: 10
visiting value at #LiteralInt: 42
visiting value at #IntChoice: (Or 1 2 3)
visiting expression: (Or 1 2 3)
visiting expression: 1
visiting expression: 2
visiting expression: 3
visiting value at #AnyNumber: (No ???<#AnyNumber: Number>)
visiting expression: (No ???<#AnyNumber: Number>)
visiting value at #PositiveNumber: (And (No ???<#PositiveNumber: Number>) (GreaterThan 0))
visiting expression: (And (No ???<#PositiveNumber: Number>) (GreaterThan 0))
visiting expression: (No ???<#PositiveNumber: Number>)
visiting expression: (GreaterThan 0)
visiting expression: 0
visiting value at #LiteralNumber: 3.14
visiting value at #AnyBool: (No ???<#AnyBool: Bool>)
visiting expression: (No ???<#AnyBool: Bool>)
visiting value at #LiteralBool: true
visiting value at #NullValue: null
visiting value at #CoreTypesExample: ???<#CoreTypesExample: Struct>
visiting value at #CoreTypesExample.primitives: (Selector ???<#CoreTypesExample.primitives: Struct> "#PrimitiveTypes")
visiting value at #CoreTypesExample.concrete: (Selector ???<#CoreTypesExample.concrete: Struct> "#ConcreteValues")
visiting value at #CoreTypesExample.fields: (Selector ???<#CoreTypesExample.fields: Struct> "#OptionalAndNullable")
visiting value at #CoreTypesExample.constrained: (Selector ???<#CoreTypesExample.constrained: Struct> "#ConstrainedValues")
visiting value at #CoreTypesExample.status: (Selector ???<#CoreTypesExample.status: Struct> "#Status")
visiting value at #CoreTypesExample.priority: (Selector ???<#CoreTypesExample.priority: Struct> "#Priority")
