visiting value at #Role: (Or "admin" "editor" "viewer")
visiting expression: (Or "admin" "editor" "viewer")
visiting expression: "admin"
visiting expression: "editor"
visiting expression: "viewer"
visiting value at #Item: ???<#Item: Struct>
visiting value at #Item.sku: (No ???<#Item.sku: String>)
visiting expression: (No ???<#Item.sku: String>)
visiting value at #Item.quantity: (And (No ???<#Item.quantity: Int>) (GreaterThan 0))
visiting expression: (And (No ???<#Item.quantity: Int>) (GreaterThan 0))
visiting expression: (No ???<#Item.quantity: Int>)
visiting expression: (GreaterThan 0)
visiting expression: 0
visiting value at #Order: ???<#Order: Struct>
visiting value at #Order.id: (No ???<#Order.id: String>)
visiting expression: (No ???<#Order.id: String>)
visiting value at #Order.items: []
visiting expression: (And (No ???<#Order.items: Int>) (GreaterThanEqual 0))
visiting expression: (No ???<#Order.items: Int>)
visiting expression: (GreaterThanEqual 0)
visiting expression: 0
#Order.items list concrete length: 0
visiting value at #Order.items.[_]: (Selector ???<#Order.items.[_]: Struct> "#Item")
visiting value at #User: ???<#User: Struct>
visiting value at #User.id: (No ???<#User.id: String>)
visiting expression: (No ???<#User.id: String>)
visiting value at #User.roles: []
visiting expression: (And (No ???<#User.roles: Int>) (GreaterThanEqual 0))
visiting expression: (No ???<#User.roles: Int>)
visiting expression: (GreaterThanEqual 0)
visiting expression: 0
#User.roles list concrete length: 0
visiting value at #User.roles.[_]: (Selector ???<#User.roles.[_]: Struct> "#Role")
visiting value at #InlineOrder: {"items":[]}
visiting value at #InlineOrder.items: []
visiting expression: (And (No ???<#InlineOrder.items: Int>) (GreaterThanEqual 0))
visiting expression: (No ???<#InlineOrder.items: Int>)
visiting expression: (GreaterThanEqual 0)
visiting expression: 0
#InlineOrder.items list concrete length: 0
visiting value at #InlineOrder.items.[_]: ???<#InlineOrder.items.[_]: Struct>
visiting value at #InlineOrder.items.[_].sku: (No ???<#InlineOrder.items.[_].sku: String>)
visiting expression: (No ???<#InlineOrder.items.[_].sku: String>)
visiting value at #InlineOrder.items.[_].quantity: (No ???<#InlineOrder.items.[_].quantity: Int>)
visiting expression: (No ???<#InlineOrder.items.[_].quantity: Int>)
visiting value at #Scores: {}
visiting value at #Department: ???<#Department: Struct>
visiting value at #Department.name: (No ???<#Department.name: String>)
visiting expression: (No ???<#Department.name: String>)
visiting value at #Department.members: []
visiting expression: (And (No ???<#Department.members: Int>) (GreaterThanEqual 0))
visiting expression: (No ???<#Department.members: Int>)
visiting expression: (GreaterThanEqual 0)
visiting expression: 0
#Department.members list concrete length: 0
visiting value at #Department.members.[_]: (Selector ???<#Department.members.[_]: Struct> "#User")
visiting value at #Organization: ???<#Organization: Struct>
visiting value at #Organization.name: (No ???<#Organization.name: String>)
visiting expression: (No ???<#Organization.name: String>)
visiting value at #Organization.departments: []
visiting expression: (And (No ???<#Organization.departments: Int>) (GreaterThanEqual 0))
visiting expression: (No ???<#Organization.departments: Int>)
visiting expression: (GreaterThanEqual 0)
visiting expression: 0
#Organization.departments list concrete length: 0
visiting value at #Organization.departments.[_]: (Selector ???<#Organization.departments.[_]: Struct> "#Department")
visiting value at #StringList: []
visiting expression: (And (No ???<#StringList: Int>) (GreaterThanEqual 0))
visiting expression: (No ???<#StringList: Int>)
visiting expression: (GreaterThanEqual 0)
visiting expression: 0
#StringList list concrete length: 0
visiting value at #StringList.[_]: (No ???<#StringList.[_]: String>)
visiting expression: (No ???<#StringList.[_]: String>)
visiting value at #IntegerList: []
visiting value at #RoleList: []
visiting value at #ItemList: []
visiting value at #FixedPrimitiveTuple: ???<#FixedPrimitiveTuple: List>
#FixedPrimitiveTuple list concrete length: 3
visiting value at #FixedPrimitiveTuple[0]: (No ???<#FixedPrimitiveTuple[0]: String>)
visiting expression: (No ???<#FixedPrimitiveTuple[0]: String>)
visiting value at #FixedPrimitiveTuple[1]: (No ???<#FixedPrimitiveTuple[1]: Int>)
visiting expression: (No ???<#FixedPrimitiveTuple[1]: Int>)
visiting value at #FixedPrimitiveTuple[2]: (No ???<#FixedPrimitiveTuple[2]: Bool>)
visiting expression: (No ???<#FixedPrimitiveTuple[2]: Bool>)
visiting value at #FixedLiteralTuple: ["header",1,true]
#FixedLiteralTuple list concrete length: 3
visiting value at #FixedLiteralTuple[0]: "header"
visiting value at #FixedLiteralTuple[1]: 1
visiting value at #FixedLiteralTuple[2]: true
visiting value at #FixedLiteralTupleWithTail: ["header",1,false]
visiting expression: (And (No ???<#FixedLiteralTupleWithTail: Int>) (GreaterThanEqual 3))
visiting expression: (No ???<#FixedLiteralTupleWithTail: Int>)
visiting expression: (GreaterThanEqual 3)
visiting expression: 3
#FixedLiteralTupleWithTail list concrete length: 3
visiting value at #FixedLiteralTupleWithTail[0]: "header"
visiting value at #FixedLiteralTupleWithTail[1]: 1
visiting value at #FixedLiteralTupleWithTail[2]: false
visiting value at #FixedLiteralTupleWithTail.[_]: {}
visiting value at #MixedTuple: ???<#MixedTuple: List>
#MixedTuple list concrete length: 3
visiting value at #MixedTuple[0]: (No ???<#MixedTuple[0]: String>)
visiting expression: (No ???<#MixedTuple[0]: String>)
visiting value at #MixedTuple[1]: (And (No ???<#MixedTuple[1]: Int>) (GreaterThanEqual 0))
visiting expression: (And (No ???<#MixedTuple[1]: Int>) (GreaterThanEqual 0))
visiting expression: (No ???<#MixedTuple[1]: Int>)
visiting expression: (GreaterThanEqual 0)
visiting expression: 0
visiting value at #MixedTuple[2]: (Or null (No ???<#MixedTuple[2]: String>))
visiting value at #MixedTuple[2]: null
visiting value at #MixedTuple[2]: (No ???<#MixedTuple[2]: String>)
visiting expression: (No ???<#MixedTuple[2]: String>)
visiting value at #FixedStructTuple: ???<#FixedStructTuple: List>
#FixedStructTuple list concrete length: 2
visiting value at #FixedStructTuple[0]: ???<#FixedStructTuple[0]: Struct>
visiting value at #FixedStructTuple[0].id: (No ???<#FixedStructTuple[0].id: String>)
visiting expression: (No ???<#FixedStructTuple[0].id: String>)
visiting value at #FixedStructTuple[1]: ???<#FixedStructTuple[1]: Struct>
visiting value at #FixedStructTuple[1].count: (No ???<#FixedStructTuple[1].count: Int>)
visiting expression: (No ???<#FixedStructTuple[1].count: Int>)
visiting value at #CollectionsAndReferencesExample: ???<#CollectionsAndReferencesExample: Struct>
visiting value at #CollectionsAndReferencesExample.order: (Selector ???<#CollectionsAndReferencesExample.order: Struct> "#Order")
visiting value at #CollectionsAndReferencesExample.user: (Selector ???<#CollectionsAndReferencesExample.user: Struct> "#User")
visiting value at #CollectionsAndReferencesExample.inlineOrder: (Selector ???<#CollectionsAndReferencesExample.inlineOrder: Struct> "#InlineOrder")
visiting value at #CollectionsAndReferencesExample.scores: (Selector ???<#CollectionsAndReferencesExample.scores: Struct> "#Scores")
visiting value at #CollectionsAndReferencesExample.organization: (Selector ???<#CollectionsAndReferencesExample.organization: Struct> "#Organization")
visiting value at #CollectionsAndReferencesExample.strings: (Selector ???<#CollectionsAndReferencesExample.strings: Struct> "#StringList")
visiting value at #CollectionsAndReferencesExample.items: (Selector ???<#CollectionsAndReferencesExample.items: Struct> "#ItemList")
