visiting value at #StringOrInteger: ???<#StringOrInteger: Struct>
visiting value at #StringOrInteger.value: (Or (No ???<#StringOrInteger.value: String>) (No ???<#StringOrInteger.value: Int>))
visiting value at #StringOrInteger.value: (No ???<#StringOrInteger.value: String>)
visiting expression: (No ???<#StringOrInteger.value: String>)
visiting value at #StringOrInteger.value: (No ???<#StringOrInteger.value: Int>)
visiting expression: (No ???<#StringOrInteger.value: Int>)
visiting value at #EmailContact: ???<#EmailContact: Struct>
visiting value at #EmailContact.address: (No ???<#EmailContact.address: String>)
visiting expression: (No ???<#EmailContact.address: String>)
visiting value at #PhoneContact: ???<#PhoneContact: Struct>
visiting value at #PhoneContact.number: (No ???<#PhoneContact.number: String>)
visiting expression: (No ???<#PhoneContact.number: String>)
visiting value at #Contact: ???<#Contact: Struct>
visiting value at #Contact.value: (Or (Selector ???<#Contact.value: Struct> "#EmailContact") (Selector ???<#Contact.value: Struct> "#PhoneContact"))
visiting value at #Contact.value: (Selector ???<#Contact.value: Struct> "#EmailContact")
visiting value at #Contact.value: (Selector ???<#Contact.value: Struct> "#PhoneContact")
visiting value at #Cat: ???<#Cat: Struct>
visiting value at #Cat.type: "cat"
visiting value at #Cat.name: (No ???<#Cat.name: String>)
visiting expression: (No ???<#Cat.name: String>)
visiting value at #Cat.lives: (No ???<#Cat.lives: Int>)
visiting expression: (No ???<#Cat.lives: Int>)
visiting value at #Dog: ???<#Dog: Struct>
visiting value at #Dog.type: "dog"
visiting value at #Dog.name: (No ???<#Dog.name: String>)
visiting expression: (No ???<#Dog.name: String>)
visiting value at #Dog.breed: (No ???<#Dog.breed: String>)
visiting expression: (No ???<#Dog.breed: String>)
visiting value at #Bird: ???<#Bird: Struct>
visiting value at #Bird.type: "bird"
visiting value at #Bird.name: (No ???<#Bird.name: String>)
visiting expression: (No ???<#Bird.name: String>)
visiting value at #Bird.canFly: (No ???<#Bird.canFly: Bool>)
visiting expression: (No ???<#Bird.canFly: Bool>)
visiting value at #Pet: ???<#Pet: Struct>
visiting value at #Pet.value: (Or (Selector ???<#Pet.value: Struct> "#Cat") (Selector ???<#Pet.value: Struct> "#Dog") (Selector ???<#Pet.value: Struct> "#Bird"))
visiting value at #Pet.value: (Selector ???<#Pet.value: Struct> "#Cat")
visiting value at #Pet.value: (Selector ???<#Pet.value: Struct> "#Dog")
visiting value at #Pet.value: (Selector ???<#Pet.value: Struct> "#Bird")
visiting value at #CreatedEvent: ???<#CreatedEvent: Struct>
visiting value at #CreatedEvent.status: "created"
visiting value at #CreatedEvent.id: (No ???<#CreatedEvent.id: String>)
visiting expression: (No ???<#CreatedEvent.id: String>)
visiting value at #DeletedEvent: ???<#DeletedEvent: Struct>
visiting value at #DeletedEvent.status: "deleted"
visiting value at #DeletedEvent.id: (No ???<#DeletedEvent.id: String>)
visiting expression: (No ???<#DeletedEvent.id: String>)
visiting value at #Event: ???<#Event: Struct>
visiting value at #Event.value: (Or (Selector ???<#Event.value: Struct> "#CreatedEvent") (Selector ???<#Event.value: Struct> "#DeletedEvent"))
visiting value at #Event.value: (Selector ???<#Event.value: Struct> "#CreatedEvent")
visiting value at #Event.value: (Selector ???<#Event.value: Struct> "#DeletedEvent")
visiting value at #Circle: ???<#Circle: Struct>
visiting value at #Circle.kind: "circle"
visiting value at #Circle.radius: (No ???<#Circle.radius: Number>)
visiting expression: (No ???<#Circle.radius: Number>)
visiting value at #Rectangle: ???<#Rectangle: Struct>
visiting value at #Rectangle.kind: "rectangle"
visiting value at #Rectangle.width: (No ???<#Rectangle.width: Number>)
visiting expression: (No ???<#Rectangle.width: Number>)
visiting value at #Rectangle.height: (No ???<#Rectangle.height: Number>)
visiting expression: (No ???<#Rectangle.height: Number>)
visiting value at #Drawing: ???<#Drawing: Struct>
visiting value at #Drawing.name: (No ???<#Drawing.name: String>)
visiting expression: (No ???<#Drawing.name: String>)
visiting value at #Drawing.shape: (Or (Selector ???<#Drawing.shape: Struct> "#Circle") (Selector ???<#Drawing.shape: Struct> "#Rectangle"))
visiting value at #Drawing.shape: (Selector ???<#Drawing.shape: Struct> "#Circle")
visiting value at #Drawing.shape: (Selector ???<#Drawing.shape: Struct> "#Rectangle")
visiting value at #Zoo: {"animals":[]}
visiting value at #Zoo.animals: []
visiting expression: (And (No ???<#Zoo.animals: Int>) (GreaterThanEqual 0))
visiting expression: (No ???<#Zoo.animals: Int>)
visiting expression: (GreaterThanEqual 0)
visiting expression: 0
#Zoo.animals list concrete length: 0
visiting value at #Zoo.animals.[_]: (Or (Selector ???<#Zoo.animals.[_]: Struct> "#Cat") (Selector ???<#Zoo.animals.[_]: Struct> "#Dog") (Selector ???<#Zoo.animals.[_]: Struct> "#Bird"))
visiting value at #Zoo.animals.[_]: (Selector ???<#Zoo.animals.[_]: Struct> "#Cat")
visiting value at #Zoo.animals.[_]: (Selector ???<#Zoo.animals.[_]: Struct> "#Dog")
visiting value at #Zoo.animals.[_]: (Selector ???<#Zoo.animals.[_]: Struct> "#Bird")
visiting value at #UnionsAndDiscriminatorsExample: ???<#UnionsAndDiscriminatorsExample: Struct>
visiting value at #UnionsAndDiscriminatorsExample.primitiveUnion: (Selector ???<#UnionsAndDiscriminatorsExample.primitiveUnion: Struct> "#StringOrInteger")
visiting value at #UnionsAndDiscriminatorsExample.contact: (Selector ???<#UnionsAndDiscriminatorsExample.contact: Struct> "#Contact")
visiting value at #UnionsAndDiscriminatorsExample.pet: (Selector ???<#UnionsAndDiscriminatorsExample.pet: Struct> "#Pet")
visiting value at #UnionsAndDiscriminatorsExample.event: (Selector ???<#UnionsAndDiscriminatorsExample.event: Struct> "#Event")
visiting value at #UnionsAndDiscriminatorsExample.drawing: (Selector ???<#UnionsAndDiscriminatorsExample.drawing: Struct> "#Drawing")
visiting value at #UnionsAndDiscriminatorsExample.zoo: (Selector ???<#UnionsAndDiscriminatorsExample.zoo: Struct> "#Zoo")
