visiting value at #EmailValue: ???<#EmailValue: Struct>
visiting value at #EmailValue.type: "email"
visiting value at #EmailValue.address: (No ???<#EmailValue.address: String>)
visiting expression: (No ???<#EmailValue.address: String>)
visiting value at #PhoneValue: ???<#PhoneValue: Struct>
visiting value at #PhoneValue.type: "phone"
visiting value at #PhoneValue.number: (No ???<#PhoneValue.number: String>)
visiting expression: (No ???<#PhoneValue.number: String>)
visiting value at #ContactValue: ???<#ContactValue: Struct>
visiting value at #ContactValue.value: (Call<$matchN> 1 ???<#ContactValue.value: List>)
visiting value at #ContactValue.value[0]: (Selector ???<#ContactValue.value[0]: Struct> "#EmailValue")
visiting value at #ContactValue.value[1]: (Selector ???<#ContactValue.value[1]: Struct> "#PhoneValue")
visiting value at #TextValue: ???<#TextValue: Struct>
visiting value at #TextValue.kind: "text"
visiting value at #TextValue.value: (No ???<#TextValue.value: String>)
visiting expression: (No ???<#TextValue.value: String>)
visiting value at #NumberValue: ???<#NumberValue: Struct>
visiting value at #NumberValue.kind: "number"
visiting value at #NumberValue.value: (No ???<#NumberValue.value: Number>)
visiting expression: (No ???<#NumberValue.value: Number>)
visiting value at #BooleanValue: ???<#BooleanValue: Struct>
visiting value at #BooleanValue.kind: "boolean"
visiting value at #BooleanValue.value: (No ???<#BooleanValue.value: Bool>)
visiting expression: (No ???<#BooleanValue.value: Bool>)
visiting value at #AnnotationValue: ???<#AnnotationValue: Struct>
visiting value at #AnnotationValue.value: (Call<$matchN> 1 ???<#AnnotationValue.value: List>)
visiting value at #AnnotationValue.value[0]: (Selector ???<#AnnotationValue.value[0]: Struct> "#TextValue")
visiting value at #AnnotationValue.value[1]: (Selector ???<#AnnotationValue.value[1]: Struct> "#NumberValue")
visiting value at #AnnotationValue.value[2]: (Selector ???<#AnnotationValue.value[2]: Struct> "#BooleanValue")
visiting value at #CompositeRecord: ???<#CompositeRecord: Struct>
visiting value at #CompositeRecord.id: (No ???<#CompositeRecord.id: String>)
visiting expression: (No ???<#CompositeRecord.id: String>)
visiting value at #CompositeRecord.annotation: (Selector ???<#CompositeRecord.annotation: Struct> "#AnnotationValue")
visiting value at #CompositeRecord.contacts: []
visiting expression: (And (No ???<#CompositeRecord.contacts: Int>) (GreaterThanEqual 0))
visiting expression: (No ???<#CompositeRecord.contacts: Int>)
visiting expression: (GreaterThanEqual 0)
visiting expression: 0
#CompositeRecord.contacts list concrete length: 0
visiting value at #CompositeRecord.contacts.[_]: (Selector ???<#CompositeRecord.contacts.[_]: Struct> "#ContactValue")
visiting value at #CompositeRecord.description: (Or null (No ???<#CompositeRecord.description: String>))
visiting value at #CompositeRecord.description: null
visiting value at #CompositeRecord.description: (No ???<#CompositeRecord.description: String>)
visiting expression: (No ???<#CompositeRecord.description: String>)
visiting value at #MatchNAndAdvancedExample: ???<#MatchNAndAdvancedExample: Struct>
visiting value at #MatchNAndAdvancedExample.record: (Selector ???<#MatchNAndAdvancedExample.record: Struct> "#CompositeRecord")
