visiting value at #UserStatus: (Or "active" "disabled")
visiting expression: (Or "active" "disabled")
visiting expression: "active"
visiting expression: "disabled"
visiting value at #Role: (Or "admin" "editor" "viewer")
visiting expression: (Or "admin" "editor" "viewer")
visiting expression: "admin"
visiting expression: "editor"
visiting expression: "viewer"
visiting value at #Address: ???<#Address: Struct>
visiting value at #Address.street: (No ???<#Address.street: String>)
visiting expression: (No ???<#Address.street: String>)
visiting value at #Address.city: (No ???<#Address.city: String>)
visiting expression: (No ???<#Address.city: String>)
visiting value at #Address.country: (Or null (No ???<#Address.country: String>))
visiting value at #Address.country: null
visiting value at #Address.country: (No ???<#Address.country: String>)
visiting expression: (No ???<#Address.country: String>)
visiting value at #BaseEntity: ???<#BaseEntity: Struct>
visiting value at #BaseEntity.id: (No ???<#BaseEntity.id: String>)
visiting expression: (No ???<#BaseEntity.id: String>)
visiting value at #User: (And (Selector ???<#User: Struct> "#BaseEntity") ???<#User: Struct>)
visiting expression: (And (Selector ???<#User: Struct> "#BaseEntity") ???<#User: Struct>)
visiting expression: (Selector ???<#User: Struct> "#BaseEntity")
visiting expression: ???<#User: Struct>
visiting expression: ???<#User: Struct>
visiting value at #User.id: (No ???<#User.id: String>)
visiting expression: (No ???<#User.id: String>)
visiting value at #User.name: (No ???<#User.name: String>)
visiting expression: (No ???<#User.name: String>)
visiting value at #User.email: (And (No ???<#User.email: String>) (RegexMatch "^.+@.+$"))
visiting expression: (And (No ???<#User.email: String>) (RegexMatch "^.+@.+$"))
visiting expression: (No ???<#User.email: String>)
visiting expression: (RegexMatch "^.+@.+$")
visiting expression: "^.+@.+$"
visiting value at #User.status: (Selector ???<#User.status: Struct> "#UserStatus")
visiting value at #User.roles: []
visiting expression: (And (No ???<#User.roles: Int>) (GreaterThanEqual 0))
visiting expression: (No ???<#User.roles: Int>)
visiting expression: (GreaterThanEqual 0)
visiting expression: 0
#User.roles list concrete length: 0
visiting value at #User.roles.[_]: (Selector ???<#User.roles.[_]: Struct> "#Role")
visiting value at #User.address: (Or null (Selector ???<#User.address: Struct> "#Address"))
visiting value at #User.address: null
visiting value at #User.address: (Selector ???<#User.address: Struct> "#Address")
visiting value at #PhysicalProduct: ???<#PhysicalProduct: Struct>
visiting value at #PhysicalProduct.type: "physical"
visiting value at #PhysicalProduct.sku: (No ???<#PhysicalProduct.sku: String>)
visiting expression: (No ???<#PhysicalProduct.sku: String>)
visiting value at #PhysicalProduct.weight: (And (No ???<#PhysicalProduct.weight: Number>) (GreaterThan 0))
visiting expression: (And (No ???<#PhysicalProduct.weight: Number>) (GreaterThan 0))
visiting expression: (No ???<#PhysicalProduct.weight: Number>)
visiting expression: (GreaterThan 0)
visiting expression: 0
visiting value at #DigitalProduct: ???<#DigitalProduct: Struct>
visiting value at #DigitalProduct.type: "digital"
visiting value at #DigitalProduct.sku: (No ???<#DigitalProduct.sku: String>)
visiting expression: (No ???<#DigitalProduct.sku: String>)
visiting value at #DigitalProduct.downloadUrl: (No ???<#DigitalProduct.downloadUrl: String>)
visiting expression: (No ???<#DigitalProduct.downloadUrl: String>)
visiting value at #Product: ???<#Product: Struct>
visiting value at #Product.value: (Or (Selector ???<#Product.value: Struct> "#PhysicalProduct") (Selector ???<#Product.value: Struct> "#DigitalProduct"))
visiting value at #Product.value: (Selector ???<#Product.value: Struct> "#PhysicalProduct")
visiting value at #Product.value: (Selector ???<#Product.value: Struct> "#DigitalProduct")
visiting value at #OrderLine: ???<#OrderLine: Struct>
visiting value at #OrderLine.product: (Selector ???<#OrderLine.product: Struct> "#Product")
visiting value at #OrderLine.quantity: (And (No ???<#OrderLine.quantity: Int>) (GreaterThan 0))
visiting expression: (And (No ???<#OrderLine.quantity: Int>) (GreaterThan 0))
visiting expression: (No ???<#OrderLine.quantity: Int>)
visiting expression: (GreaterThan 0)
visiting expression: 0
visiting value at #Order: (And (Selector ???<#Order: Struct> "#BaseEntity") ???<#Order: Struct>)
visiting expression: (And (Selector ???<#Order: Struct> "#BaseEntity") ???<#Order: Struct>)
visiting expression: (Selector ???<#Order: Struct> "#BaseEntity")
visiting expression: ???<#Order: Struct>
visiting expression: ???<#Order: Struct>
visiting value at #Order.customer: (Selector ???<#Order.customer: Struct> "#User")
visiting value at #Order.id: (No ???<#Order.id: String>)
visiting expression: (No ???<#Order.id: String>)
visiting value at #Order.lines: []
visiting expression: (And (No ???<#Order.lines: Int>) (GreaterThanEqual 0))
visiting expression: (No ???<#Order.lines: Int>)
visiting expression: (GreaterThanEqual 0)
visiting expression: 0
#Order.lines list concrete length: 0
visiting value at #Order.lines.[_]: (Selector ???<#Order.lines.[_]: Struct> "#OrderLine")
visiting value at #Organization: ???<#Organization: Struct>
visiting value at #Organization.name: (No ???<#Organization.name: String>)
visiting expression: (No ???<#Organization.name: String>)
visiting value at #Organization.users: []
visiting expression: (And (No ???<#Organization.users: Int>) (GreaterThanEqual 0))
visiting expression: (No ???<#Organization.users: Int>)
visiting expression: (GreaterThanEqual 0)
visiting expression: 0
#Organization.users list concrete length: 0
visiting value at #Organization.users.[_]: (Selector ???<#Organization.users.[_]: Struct> "#User")
visiting value at #Organization.orders: []
visiting expression: (And (No ???<#Organization.orders: Int>) (GreaterThanEqual 0))
visiting expression: (No ???<#Organization.orders: Int>)
visiting expression: (GreaterThanEqual 0)
visiting expression: 0
#Organization.orders list concrete length: 0
visiting value at #Organization.orders.[_]: (Selector ???<#Organization.orders.[_]: Struct> "#Order")
visiting value at #CompleteDomainModel: ???<#CompleteDomainModel: Struct>
visiting value at #CompleteDomainModel.organization: (Selector ???<#CompleteDomainModel.organization: Struct> "#Organization")
