visiting value at #A: ???<#A: List>
#A list concrete length: 3
visiting value at #A[0]: (No ???<#A[0]: String>)
visiting expression: (No ???<#A[0]: String>)
visiting value at #A[1]: (No ???<#A[1]: Int>)
visiting expression: (No ???<#A[1]: Int>)
visiting value at #A[2]: (No ???<#A[2]: Bool>)
visiting expression: (No ???<#A[2]: Bool>)
visiting value at #B: ["header",1,true]
#B list concrete length: 3
visiting value at #B[0]: "header"
visiting value at #B[1]: 1
visiting value at #B[2]: true
visiting value at #C: ["header",1,false]
visiting expression: (And (No ???<#C: Int>) (GreaterThanEqual 3))
visiting expression: (No ???<#C: Int>)
visiting expression: (GreaterThanEqual 3)
visiting expression: 3
#C list concrete length: 3
visiting value at #C[0]: "header"
visiting value at #C[1]: 1
visiting value at #C[2]: false
visiting value at #C.[_]: {}
