visiting value at #Add: (Add (Selector ???<#Add: Struct> "x") (Selector ???<#Add: Struct> "y"))
visiting expression: (Add (Selector ???<#Add: Struct> "x") (Selector ???<#Add: Struct> "y"))
visiting expression: (Selector ???<#Add: Struct> "x")
visiting expression: ???<#Add: Struct>
visiting expression: (Selector ???<#Add: Struct> "y")
visiting expression: ???<#Add: Struct>
visiting value at #Sub: (Subtract (Selector ???<#Sub: Struct> "x") (Selector ???<#Sub: Struct> "y"))
visiting expression: (Subtract (Selector ???<#Sub: Struct> "x") (Selector ???<#Sub: Struct> "y"))
visiting expression: (Selector ???<#Sub: Struct> "x")
visiting expression: ???<#Sub: Struct>
visiting expression: (Selector ???<#Sub: Struct> "y")
visiting expression: ???<#Sub: Struct>
visiting value at #Mul: (Multiply (Selector ???<#Mul: Struct> "x") (Selector ???<#Mul: Struct> "y"))
visiting expression: (Multiply (Selector ???<#Mul: Struct> "x") (Selector ???<#Mul: Struct> "y"))
visiting expression: (Selector ???<#Mul: Struct> "x")
visiting expression: ???<#Mul: Struct>
visiting expression: (Selector ???<#Mul: Struct> "y")
visiting expression: ???<#Mul: Struct>
visiting value at #Div: (FloatQuotient (Selector ???<#Div: Struct> "x") (Selector ???<#Div: Struct> "y"))
visiting expression: (FloatQuotient (Selector ???<#Div: Struct> "x") (Selector ???<#Div: Struct> "y"))
visiting expression: (Selector ???<#Div: Struct> "x")
visiting expression: ???<#Div: Struct>
visiting expression: (Selector ???<#Div: Struct> "y")
visiting expression: ???<#Div: Struct>
visiting value at #UnaryPlus: (Add (Selector ???<#UnaryPlus: Struct> "x"))
visiting expression: (Add (Selector ???<#UnaryPlus: Struct> "x"))
visiting expression: (Selector ???<#UnaryPlus: Struct> "x")
visiting expression: ???<#UnaryPlus: Struct>
visiting value at #UnaryMinus: (Subtract (Selector ???<#UnaryMinus: Struct> "x"))
visiting expression: (Subtract (Selector ???<#UnaryMinus: Struct> "x"))
visiting expression: (Selector ???<#UnaryMinus: Struct> "x")
visiting expression: ???<#UnaryMinus: Struct>
visiting value at #StringAdd: (Add (Selector ???<#StringAdd: Struct> "s") "x")
visiting expression: (Add (Selector ???<#StringAdd: Struct> "s") "x")
visiting expression: (Selector ???<#StringAdd: Struct> "s")
visiting expression: ???<#StringAdd: Struct>
visiting expression: "x"
visiting value at #StringMul: (Multiply (Selector ???<#StringMul: Struct> "s") 2)
visiting expression: (Multiply (Selector ???<#StringMul: Struct> "s") 2)
visiting expression: (Selector ???<#StringMul: Struct> "s")
visiting expression: ???<#StringMul: Struct>
visiting expression: 2
visiting value at #LogicalAnd: (BooleanAnd (Selector ???<#LogicalAnd: Struct> "b") true)
visiting expression: (BooleanAnd (Selector ???<#LogicalAnd: Struct> "b") true)
visiting expression: (Selector ???<#LogicalAnd: Struct> "b")
visiting expression: ???<#LogicalAnd: Struct>
visiting expression: true
visiting value at #LogicalOr: (BooleanOr (Selector ???<#LogicalOr: Struct> "b") false)
visiting expression: (BooleanOr (Selector ???<#LogicalOr: Struct> "b") false)
visiting expression: (Selector ???<#LogicalOr: Struct> "b")
visiting expression: ???<#LogicalOr: Struct>
visiting expression: false
visiting value at #LogicalNot: (Not (Selector ???<#LogicalNot: Struct> "b"))
visiting expression: (Not (Selector ???<#LogicalNot: Struct> "b"))
visiting expression: (Selector ???<#LogicalNot: Struct> "b")
visiting expression: ???<#LogicalNot: Struct>
visiting value at #Equal: (Equal (Selector ???<#Equal: Struct> "x") (Selector ???<#Equal: Struct> "y"))
visiting expression: (Equal (Selector ???<#Equal: Struct> "x") (Selector ???<#Equal: Struct> "y"))
visiting expression: (Selector ???<#Equal: Struct> "x")
visiting expression: ???<#Equal: Struct>
visiting expression: (Selector ???<#Equal: Struct> "y")
visiting expression: ???<#Equal: Struct>
visiting value at #NotEqual: (NotEqual (Selector ???<#NotEqual: Struct> "x") (Selector ???<#NotEqual: Struct> "y"))
visiting expression: (NotEqual (Selector ???<#NotEqual: Struct> "x") (Selector ???<#NotEqual: Struct> "y"))
visiting expression: (Selector ???<#NotEqual: Struct> "x")
visiting expression: ???<#NotEqual: Struct>
visiting expression: (Selector ???<#NotEqual: Struct> "y")
visiting expression: ???<#NotEqual: Struct>
visiting value at #Less: (LessThan (Selector ???<#Less: Struct> "x") (Selector ???<#Less: Struct> "y"))
visiting expression: (LessThan (Selector ???<#Less: Struct> "x") (Selector ???<#Less: Struct> "y"))
visiting expression: (Selector ???<#Less: Struct> "x")
visiting expression: ???<#Less: Struct>
visiting expression: (Selector ???<#Less: Struct> "y")
visiting expression: ???<#Less: Struct>
visiting value at #LessEqual: (LessThanEqual (Selector ???<#LessEqual: Struct> "x") (Selector ???<#LessEqual: Struct> "y"))
visiting expression: (LessThanEqual (Selector ???<#LessEqual: Struct> "x") (Selector ???<#LessEqual: Struct> "y"))
visiting expression: (Selector ???<#LessEqual: Struct> "x")
visiting expression: ???<#LessEqual: Struct>
visiting expression: (Selector ???<#LessEqual: Struct> "y")
visiting expression: ???<#LessEqual: Struct>
visiting value at #Greater: (GreaterThan (Selector ???<#Greater: Struct> "x") (Selector ???<#Greater: Struct> "y"))
visiting expression: (GreaterThan (Selector ???<#Greater: Struct> "x") (Selector ???<#Greater: Struct> "y"))
visiting expression: (Selector ???<#Greater: Struct> "x")
visiting expression: ???<#Greater: Struct>
visiting expression: (Selector ???<#Greater: Struct> "y")
visiting expression: ???<#Greater: Struct>
visiting value at #GreaterEqual: (GreaterThanEqual (Selector ???<#GreaterEqual: Struct> "x") (Selector ???<#GreaterEqual: Struct> "y"))
visiting expression: (GreaterThanEqual (Selector ???<#GreaterEqual: Struct> "x") (Selector ???<#GreaterEqual: Struct> "y"))
visiting expression: (Selector ???<#GreaterEqual: Struct> "x")
visiting expression: ???<#GreaterEqual: Struct>
visiting expression: (Selector ???<#GreaterEqual: Struct> "y")
visiting expression: ???<#GreaterEqual: Struct>
visiting value at #RegexMatch: (RegexMatch (Selector ???<#RegexMatch: Struct> "s") "^x")
visiting expression: (RegexMatch (Selector ???<#RegexMatch: Struct> "s") "^x")
visiting expression: (Selector ???<#RegexMatch: Struct> "s")
visiting expression: ???<#RegexMatch: Struct>
visiting expression: "^x"
visiting value at #RegexNotMatch: (NotRegexMatch (Selector ???<#RegexNotMatch: Struct> "s") "^x")
visiting expression: (NotRegexMatch (Selector ???<#RegexNotMatch: Struct> "s") "^x")
visiting expression: (Selector ???<#RegexNotMatch: Struct> "s")
visiting expression: ???<#RegexNotMatch: Struct>
visiting expression: "^x"
visiting value at #BoundNotEqual: (NotEqual 1)
visiting expression: (NotEqual 1)
visiting expression: 1
visiting value at #BoundLess: (LessThan 1)
visiting expression: (LessThan 1)
visiting expression: 1
visiting value at #BoundLessEqual: (LessThanEqual 1)
visiting expression: (LessThanEqual 1)
visiting expression: 1
visiting value at #BoundGreater: (GreaterThan 1)
visiting expression: (GreaterThan 1)
visiting expression: 1
visiting value at #BoundGreaterEqual: (GreaterThanEqual 1)
visiting expression: (GreaterThanEqual 1)
visiting expression: 1
visiting value at #BoundRegexMatch: (RegexMatch "^x")
visiting expression: (RegexMatch "^x")
visiting expression: "^x"
visiting value at #BoundRegexNotMatch: (NotRegexMatch "^x")
visiting expression: (NotRegexMatch "^x")
visiting expression: "^x"
visiting value at #Unify: (And (No ???<#Unify: Int>) (GreaterThanEqual 0))
visiting expression: (And (No ???<#Unify: Int>) (GreaterThanEqual 0))
visiting expression: (No ???<#Unify: Int>)
visiting expression: (GreaterThanEqual 0)
visiting expression: 0
visiting value at #Or: (Or (No ???<#Or: Int>) (No ???<#Or: String>))
visiting value at #Or: (No ???<#Or: Int>)
visiting expression: (No ???<#Or: Int>)
visiting value at #Or: (No ???<#Or: String>)
visiting expression: (No ???<#Or: String>)
visiting value at #Default: (Or 1 2)
visiting expression: (Or 1 2)
visiting expression: 1
visiting expression: 2
visiting value at #Call: (Call<$len> (Selector ???<#Call: Struct> "s"))
visiting expression: (Call<$len> (Selector ???<#Call: Struct> "s"))
visiting expression: (Selector ???<#Call: Struct> "s")
visiting expression: ???<#Call: Struct>
visiting value at #Selector: (Selector (Selector ???<#Selector: Struct> "obj") "a")
visiting value at #Index: (Index (Selector ???<#Index: Struct> "list") 0)
visiting value at #Slice: (Slice (Selector ???<#Slice: Struct> "list") 0 2)
visiting expression: (Slice (Selector ???<#Slice: Struct> "list") 0 2)
visiting expression: (Selector ???<#Slice: Struct> "list")
visiting expression: ???<#Slice: Struct>
visiting expression: 0
visiting expression: 2
#Slice list concrete length: 2
visiting value at #Slice[0]: 1
visiting value at #Slice[1]: 2
visiting value at #Interpolation: (Interpolation "value=" (Selector ???<#Interpolation: Struct> "x") "")
visiting expression: (Interpolation "value=" (Selector ???<#Interpolation: Struct> "x") "")
visiting expression: "value="
visiting expression: (Selector ???<#Interpolation: Struct> "x")
visiting expression: ???<#Interpolation: Struct>
visiting expression: ""
visiting value at #ArithmeticTree: (Add (Selector ???<#ArithmeticTree: Struct> "x") (Multiply (Selector ???<#ArithmeticTree: Struct> "y") 2))
visiting expression: (Add (Selector ???<#ArithmeticTree: Struct> "x") (Multiply (Selector ???<#ArithmeticTree: Struct> "y") 2))
visiting expression: (Selector ???<#ArithmeticTree: Struct> "x")
visiting expression: ???<#ArithmeticTree: Struct>
visiting expression: (Multiply (Selector ???<#ArithmeticTree: Struct> "y") 2)
visiting expression: (Selector ???<#ArithmeticTree: Struct> "y")
visiting expression: ???<#ArithmeticTree: Struct>
visiting expression: 2
visiting value at #BooleanTree: (BooleanAnd (GreaterThan (Selector ???<#BooleanTree: Struct> "x") 0) (LessThanEqual (Selector ???<#BooleanTree: Struct> "y") 10))
visiting expression: (BooleanAnd (GreaterThan (Selector ???<#BooleanTree: Struct> "x") 0) (LessThanEqual (Selector ???<#BooleanTree: Struct> "y") 10))
visiting expression: (GreaterThan (Selector ???<#BooleanTree: Struct> "x") 0)
visiting expression: (Selector ???<#BooleanTree: Struct> "x")
visiting expression: ???<#BooleanTree: Struct>
visiting expression: 0
visiting expression: (LessThanEqual (Selector ???<#BooleanTree: Struct> "y") 10)
visiting expression: (Selector ???<#BooleanTree: Struct> "y")
visiting expression: ???<#BooleanTree: Struct>
visiting expression: 10
visiting value at #MixedTree: (Or (And (No ???<#MixedTree: Int>) (GreaterThanEqual 0)) (No ???<#MixedTree: String>))
visiting value at #MixedTree: (And (No ???<#MixedTree: Int>) (GreaterThanEqual 0))
visiting value at #MixedTree: (No ???<#MixedTree: String>)
visiting expression: (No ???<#MixedTree: String>)
visiting value at #matchNMessage: (Call<$matchN> 1 ???<#matchNMessage: List>)
visiting value at #matchNMessage[0]: (Selector ???<#matchNMessage[0]: Struct> "DateTimeMessage")
visiting value at #matchNMessage[1]: (Selector ???<#matchNMessage[1]: Struct> "TextMessage")
visiting value at #simpleOrMessage: (Or (Selector ???<#simpleOrMessage: Struct> "DateTimeMessage") (Selector ???<#simpleOrMessage: Struct> "TextMessage"))
visiting value at #simpleOrMessage: (Selector ???<#simpleOrMessage: Struct> "DateTimeMessage")
visiting value at #simpleOrMessage: (Selector ???<#simpleOrMessage: Struct> "TextMessage")
