=== Collected Structs ===
 -> Root
#ATrustCertificateDto -> ATrustCertificateDto
#ATrustCertificateSignatureTypeDto -> ATrustCertificateSignatureTypeDto
#AbsoluteIntegrationExpirationDto -> AbsoluteIntegrationExpirationDto
#AccessCode -> AccessCode
#AddDefaultUserGroupDto -> AddDefaultUserGroupDto
#AddUserGroupUserDto -> AddUserGroupUserDto
#AddUsersToUserGroupDto -> AddUsersToUserGroupDto
#AddedEnvelopeFileResponse -> AddedEnvelopeFileResponse
#AddedTemplateFileResponse -> AddedTemplateFileResponse
#AdminMeDto -> AdminMeDto
#AdminMeDto.users.[_] -> Anonymous1
#AdminMeUserDto -> AdminMeUserDto
#Agreement -> Agreement
#AgreementRequest -> AgreementRequest
#AgreementResponse -> AgreementResponse
#AgreementSettingsRequest -> AgreementSettingsRequest
#AgreementSettingsRequest.agreements.[_] -> Anonymous2
#AgreementSettingsResponse -> AgreementSettingsResponse
#AgreementSettingsResponse.agreements.[_] -> Anonymous3
#AllowedSignatureTypesDto -> AllowedSignatureTypesDto
#AnnotationElementDefinition -> AnnotationElementDefinition
#AnnotationElementDefinition.position -> Position
#AnnotationElementDefinition.size -> Size
#AnnotationElementDefinition.textFormat -> TextFormat
#AnnotationElementDto -> AnnotationElementDto
#AnnotationElementDto.elementDefinition -> ElementDefinition
#AnnotationElementDto.elementDefinition.position -> Position
#AnnotationElementDto.elementDefinition.size -> Size
#AnnotationElementDto.elementDefinition.textFormat -> TextFormat
#AnnotationField -> AnnotationField
#AnnotationFieldDto -> AnnotationFieldDto
#ApprovalField -> ApprovalField
#ApprovalFieldDto -> ApprovalFieldDto
#ApproveElementDto -> ApproveElementDto
#ApproveElementDto.elementDefinition -> ElementDefinition
#ApproveElementDto.elementDefinition.position -> Position
#ApproveElementDto.elementDefinition.size -> Size
#AreaReadConfirmationDto -> AreaReadConfirmationDto
#AreaReadConfirmationDto.elementDefinition -> ElementDefinition
#AreaReadConfirmationDto.elementDefinition.position -> Position
#AreaReadConfirmationDto.elementDefinition.size -> Size
#AreaReadConfirmationField -> AreaReadConfirmationField
#AreaReadConfirmationFieldDto -> AreaReadConfirmationFieldDto
#AreaReadConfirmationTaskUpdateRequest -> AreaReadConfirmationTaskUpdateRequest
#AreaReadElementDefinition -> AreaReadElementDefinition
#AreaReadElementDefinition.position -> Position
#AreaReadElementDefinition.size -> Size
#AssociateMyNamirialIdDto -> AssociateMyNamirialIdDto
#AttachmentElementDefinition -> AttachmentElementDefinition
#AttachmentElementDefinition.position -> Position
#AttachmentElementDefinition.size -> Size
#AttachmentElementDto -> AttachmentElementDto
#AttachmentElementDto.elementDefinition -> ElementDefinition
#AttachmentElementDto.elementDefinition.position -> Position
#AttachmentElementDto.elementDefinition.size -> Size
#AttachmentField -> AttachmentField
#AttachmentFieldDto -> AttachmentFieldDto
#AttachmentTaskUpdateRequest -> AttachmentTaskUpdateRequest
#AuditTrailModeResponse -> AuditTrailModeResponse
#AutomaticESealingPermissions -> AutomaticESealingPermissions
#AutomaticSealingProfileDetailResponse -> AutomaticSealingProfileDetailResponse
#AutomaticSealingProfileRequest -> AutomaticSealingProfileRequest
#AutomaticSealingProfileResponse -> AutomaticSealingProfileResponse
#AutomaticSignature -> AutomaticSignature
#AutomaticSignatureDataDto -> AutomaticSignatureDataDto
#AutomaticSignatureTypeDto -> AutomaticSignatureTypeDto
#BackgroundImageDto -> BackgroundImageDto
#BankIdSettingsDto -> BankIdSettingsDto
#BaseField -> BaseField
#BaseFieldDto -> BaseFieldDto
#BatchAssignUserGroupUserRoleDto -> BatchAssignUserGroupUserRoleDto
#BatchDeleteUserGroupUserRoleDto -> BatchDeleteUserGroupUserRoleDto
#BiometricSignature -> BiometricSignature
#BiometricSignatureTypeDto -> BiometricSignatureTypeDto
#BulkEnvelopeDetailDto -> BulkEnvelopeDetailDto
#BulkEnvelopeDetailDto.stages.[_] -> Anonymous4
#BulkEnvelopeFieldTaskItem -> BulkEnvelopeFieldTaskItem
#BulkEnvelopeFieldTaskItemRequest -> BulkEnvelopeFieldTaskItemRequest
#BulkEnvelopeFileTasksResponse -> BulkEnvelopeFileTasksResponse
#BulkEnvelopeFileTasksResponse.tasks.[_] -> Anonymous5
#BulkEnvelopeListDto -> BulkEnvelopeListDto
#BulkEnvelopeListDto.bulkEnvelopes.[_] -> Anonymous6
#BulkEnvelopeListDto.pagination -> Pagination
#BulkEnvelopePartialDto -> BulkEnvelopePartialDto
#BulkRecipientDefinition -> BulkRecipientDefinition
#BulkRecipientDto -> BulkRecipientDto
#BulkRecipientValidationErrorResponse -> BulkRecipientValidationErrorResponse
#BulkRecipientValidationErrorResponse.errors.[_] -> Anonymous7
#BulkStageDto -> BulkStageDto
#BusinessRoleCreateDto -> BusinessRoleCreateDto
#BusinessRoleDto -> BusinessRoleDto
#BusinessRoleUpdateDto -> BusinessRoleUpdateDto
#BusinessRolesListDto -> BusinessRolesListDto
#BusinessRolesListDto.items.[_] -> Anonymous8
#BusinessRolesListDto.pagination -> Pagination
#CallbackConfigurationDto -> CallbackConfigurationDto
#CertificateDetailsResponse -> CertificateDetailsResponse
#CheckBoxElementDefinition -> CheckBoxElementDefinition
#CheckBoxElementDefinition.position -> Position
#CheckBoxElementDefinition.size -> Size
#CheckBoxElementDto -> CheckBoxElementDto
#CheckBoxElementDto.elementDefinition -> ElementDefinition
#CheckBoxElementDto.elementDefinition.position -> Position
#CheckBoxElementDto.elementDefinition.size -> Size
#CheckboxField -> CheckboxField
#CheckboxFieldDto -> CheckboxFieldDto
#CheckboxTaskUpdateRequest -> CheckboxTaskUpdateRequest
#ClickToSignEnvelopeBulkSignDto -> ClickToSignEnvelopeBulkSignDto
#ClickToSignSignature -> ClickToSignSignature
#ClickToSignSignatureTypeDto -> ClickToSignSignatureTypeDto
#ClickToSignStampImprintDto -> ClickToSignStampImprintDto
#ClonedEnvelopeDto -> ClonedEnvelopeDto
#ContactDto -> ContactDto
#ContactImportResultDto -> ContactImportResultDto
#ContactImportValidationErrorResponse -> ContactImportValidationErrorResponse
#ContactImportValidationErrorResponse.errors.[_] -> Anonymous9
#ContactListDto -> ContactListDto
#ContactListDto.contacts.[_] -> Anonymous10
#ContactListDto.pagination -> Pagination
#ContactRequest -> ContactRequest
#CountriesDto -> CountriesDto
#CountriesDto.options.[_] -> Anonymous11
#CountriesLookupResponse -> CountriesLookupResponse
#CountriesLookupResponse.countries.[_] -> Anonymous12
#CountryDto -> CountryDto
#CountryListItemDto -> CountryListItemDto
#CreateATrustCertificateDto -> CreateATrustCertificateDto
#CreateAccessCodeDto -> CreateAccessCodeDto
#CreateAuthenticationConfigurationDto -> CreateAuthenticationConfigurationDto
#CreateAutomaticSignatureDataDto -> CreateAutomaticSignatureDataDto
#CreateBulkEnvelopeStageRequest -> CreateBulkEnvelopeStageRequest
#CreateDisposableCertificateDto -> CreateDisposableCertificateDto
#CreateDocumentClassRequest -> CreateDocumentClassRequest
#CreateDocumentClassRequest.metadata.[_] -> Anonymous13
#CreateEnvelopeStageAutomaticRecipientRequest -> CreateEnvelopeStageAutomaticRecipientRequest
#CreateEnvelopeStageRecipientRequest -> CreateEnvelopeStageRecipientRequest
#CreateEnvelopeStageRequest -> CreateEnvelopeStageRequest
#CreateEnvelopeStageStandardRecipientRequest -> CreateEnvelopeStageStandardRecipientRequest
#CreateGenericSigningPluginsSenderDataDto -> CreateGenericSigningPluginsSenderDataDto
#CreateOAuthAuthenticationDto -> CreateOAuthAuthenticationDto
#CreateOAuthFieldDefinitionRequest -> CreateOAuthFieldDefinitionRequest
#CreateOAuthJwtConfigRequest -> CreateOAuthJwtConfigRequest
#CreateOAuthResourceUriRequest -> CreateOAuthResourceUriRequest
#CreateOAuthSignerProviderDetailsRequest -> CreateOAuthSignerProviderDetailsRequest
#CreateOAuthSignerProviderDetailsRequest.oAuthSignerProvider -> OAuthSignerProvider
#CreateOAuthSignerProviderRequest -> CreateOAuthSignerProviderRequest
#CreateOrganizationDto -> CreateOrganizationDto
#CreateOrganizationDto.license -> License
#CreateOrganizationUserRequestDto -> CreateOrganizationUserRequestDto
#CreateOrganizationUserRequestDto.regionalSettings -> RegionalSettings
#CreateOrganizationUserResponse -> CreateOrganizationUserResponse
#CreateOtpSignatureDataDto -> CreateOtpSignatureDataDto
#CreatePersonalAccessTokenRequest -> CreatePersonalAccessTokenRequest
#CreatePolicyRequest -> CreatePolicyRequest
#CreateRemoteCertificateDto -> CreateRemoteCertificateDto
#CreateRoleRequest -> CreateRoleRequest
#CreateRoleRequest.permissions.[_] -> Anonymous14
#CreateSenderGenericSigningPluginDto -> CreateSenderGenericSigningPluginDto
#CreateSenderGenericSigningPluginSettingsDto -> CreateSenderGenericSigningPluginSettingsDto
#CreateServiceAccountRequest -> CreateServiceAccountRequest
#CreateServiceAccountRequest.regionalSettings -> RegionalSettings
#CreateServiceAccountResponse -> CreateServiceAccountResponse
#CreateSignatureDataConfigurationDto -> CreateSignatureDataConfigurationDto
#CreateSmsOneTimePasswordDto -> CreateSmsOneTimePasswordDto
#CreateStageResponse -> CreateStageResponse
#CreateSubstituteDelegationDto -> CreateSubstituteDelegationDto
#CreateSwedishBankIdDto -> CreateSwedishBankIdDto
#CreateSwissComOnDemandDto -> CreateSwissComOnDemandDto
#CreateTemplateStageAutomaticRecipientRequest -> CreateTemplateStageAutomaticRecipientRequest
#CreateTemplateStageRecipientRequest -> CreateTemplateStageRecipientRequest
#CreateTemplateStageRequest -> CreateTemplateStageRequest
#CreateTemplateStageStandardRecipientRequest -> CreateTemplateStageStandardRecipientRequest
#CreateUserDto -> CreateUserDto
#CreateUserDto.roleNames.[_] -> Anonymous15
#CreatedDocumentClassDto -> CreatedDocumentClassDto
#CreatedEnvelopeDto -> CreatedEnvelopeDto
#CreatedEnvelopeFromTemplateDto -> CreatedEnvelopeFromTemplateDto
#CreatedOrganizationDto -> CreatedOrganizationDto
#CreatedPersonalAccessTokenResponse -> CreatedPersonalAccessTokenResponse
#CreatedPolicyResponse -> CreatedPolicyResponse
#CreatedRecipientResponse -> CreatedRecipientResponse
#CreatedStageResponse -> CreatedStageResponse
#CreatedTemplateDto -> CreatedTemplateDto
#CreatedTemplateStageRecipientDto -> CreatedTemplateStageRecipientDto
#CreatedUserDto -> CreatedUserDto
#DateAnnotationConfigDto -> DateAnnotationConfigDto
#DateInputConfig -> DateInputConfig
#DateTimeDefinition -> DateTimeDefinition
#DateTimeFormatDto -> DateTimeFormatDto
#DateTimeFormatsDto -> DateTimeFormatsDto
#DateTimeFormatsDto.options.[_] -> Anonymous16
#DateTimeFormatsLookupResponse -> DateTimeFormatsLookupResponse
#DateTimeFormatsLookupResponse.dateTimeFormats.[_] -> Anonymous17
#DateTimeOptionDto -> DateTimeOptionDto
#DefaultUserGroupsDto -> DefaultUserGroupsDto
#DefaultUserGroupsDto.envelopesShare.[_] -> Anonymous18
#DefaultUserGroupsDto.templatesShare.[_] -> Anonymous19
#DelegationInfo -> DelegationInfo
#DisposableCertificateDto -> DisposableCertificateDto
#DisposableCertificateSettingsDto -> DisposableCertificateSettingsDto
#DisposableCertificateSignature -> DisposableCertificateSignature
#DisposableCertificateSignatureTypeDto -> DisposableCertificateSignatureTypeDto
#DisposableCertificateStampImprintDto -> DisposableCertificateStampImprintDto
#Document -> Document
#DocumentClassDto -> DocumentClassDto
#DocumentClassListItemDto -> DocumentClassListItemDto
#DocumentClassLookupResponse -> DocumentClassLookupResponse
#DocumentClassMetadataDto -> DocumentClassMetadataDto
#DocumentClassMetadataFieldDto -> DocumentClassMetadataFieldDto
#DocumentClassesResponse -> DocumentClassesResponse
#DocumentClassesResponse.documentClasses.[_] -> Anonymous20
#DocumentClassesResponse.pagination -> Pagination
#DocumentReadConfirmationDto -> DocumentReadConfirmationDto
#DocumentsUploadRequest -> DocumentsUploadRequest
#DrawToSignSignature -> DrawToSignSignature
#DrawToSignSignatureTypeDto -> DrawToSignSignatureTypeDto
#DrawToSignStampImprintDto -> DrawToSignStampImprintDto
#DropDownElementDefinition -> DropDownElementDefinition
#DropDownElementDefinition.position -> Position
#DropDownElementDefinition.size -> Size
#DropDownElementDefinition.textFormat -> TextFormat
#DropDownElementDto -> DropDownElementDto
#DropDownElementDto.elementDefinition -> ElementDefinition
#DropDownElementDto.elementDefinition.position -> Position
#DropDownElementDto.elementDefinition.size -> Size
#DropDownElementDto.elementDefinition.textFormat -> TextFormat
#DropDownField -> DropDownField
#DropDownFieldDto -> DropDownFieldDto
#DropDownFieldDto.font -> Font
#DropDownItemEntry -> DropDownItemEntry
#DropDownTaskUpdateRequest -> DropDownTaskUpdateRequest
#ESealingRemoteSignatureProfileDto -> ESealingRemoteSignatureProfileDto
#EmailAnnotationConfigDto -> EmailAnnotationConfigDto
#EmailDefinition -> EmailDefinition
#EnableOrganizationDto -> EnableOrganizationDto
#EnabledOrganizationDto -> EnabledOrganizationDto
#EnvelopeActionResponse -> EnvelopeActionResponse
#EnvelopeActorDto -> EnvelopeActorDto
#EnvelopeBacklogDto -> EnvelopeBacklogDto
#EnvelopeBulkSignDeviceDto -> EnvelopeBulkSignDeviceDto
#EnvelopeBulkSignDevicesResponseDto -> EnvelopeBulkSignDevicesResponseDto
#EnvelopeBulkSignDevicesResponseDto.devices.[_] -> Anonymous21
#EnvelopeBulkSignDto -> EnvelopeBulkSignDto
#EnvelopeBulkSignResultDto -> EnvelopeBulkSignResultDto
#EnvelopeBulkSignResultDto.failedEnvelopes.[_] -> Anonymous22
#EnvelopeBulkSignTransactionDto -> EnvelopeBulkSignTransactionDto
#EnvelopeCancelRequestDto -> EnvelopeCancelRequestDto
#EnvelopeDetailDto -> EnvelopeDetailDto
#EnvelopeDetailRecipientDto -> EnvelopeDetailRecipientDto
#EnvelopeDetailStageDto -> EnvelopeDetailStageDto
#EnvelopeDetailStageDto.recipients.[_] -> Anonymous23
#EnvelopeDownloadDto -> EnvelopeDownloadDto
#EnvelopeDownloadsResponse -> EnvelopeDownloadsResponse
#EnvelopeDownloadsResponse.downloads.[_] -> Anonymous24
#EnvelopeDto -> EnvelopeDto
#EnvelopeDto.reminderConfiguration -> ReminderConfiguration
#EnvelopeDto.expirationConfiguration -> ExpirationConfiguration
#EnvelopeEventDto -> EnvelopeEventDto
#EnvelopeEventDto.actor -> Actor
#EnvelopeEventDto.data -> Data
#EnvelopeEventsDto -> EnvelopeEventsDto
#EnvelopeEventsDto.events.[_] -> Anonymous25
#EnvelopeEventsDto.events.[_].actor -> Actor
#EnvelopeEventsDto.events.[_].data -> Data
#EnvelopeFieldTaskItem -> EnvelopeFieldTaskItem
#EnvelopeFileDetailDocumentClassDto -> EnvelopeFileDetailDocumentClassDto
#EnvelopeFileDetailDocumentClassRequest -> EnvelopeFileDetailDocumentClassRequest
#EnvelopeFileDetailDocumentClassRequest.metadataValues.[_] -> Anonymous26
#EnvelopeFileMetadataValueDto -> EnvelopeFileMetadataValueDto
#EnvelopeFileTasksResponse -> EnvelopeFileTasksResponse
#EnvelopeFileTasksResponse.tasks.[_] -> Anonymous27
#EnvelopeFilesResponse -> EnvelopeFilesResponse
#EnvelopeFilesResponse.files.[_] -> Anonymous28
#EnvelopeInsights -> EnvelopeInsights
#EnvelopeInsights.waitingForYou -> WaitingForYou
#EnvelopeInsights.waitingForOthers -> WaitingForOthers
#EnvelopeInsights.draft -> Draft
#EnvelopeInsights.completed -> Completed
#EnvelopeInsights.rejected -> Rejected
#EnvelopeInsights.expired -> Expired
#EnvelopeListDto -> EnvelopeListDto
#EnvelopeListDto.envelopes.[_] -> Anonymous29
#EnvelopeListDto.envelopes.[_].senderUser -> SenderUser
#EnvelopeListDto.pagination -> Pagination
#EnvelopePartialDto -> EnvelopePartialDto
#EnvelopePartialDto.senderUser -> SenderUser
#EnvelopePermissions -> EnvelopePermissions
#EnvelopePoliciesVerifyDto -> EnvelopePoliciesVerifyDto
#EnvelopeRejectDto -> EnvelopeRejectDto
#EnvelopeResumeDto -> EnvelopeResumeDto
#EnvelopeSenderDto -> EnvelopeSenderDto
#EnvelopeSignatureTypeDto -> EnvelopeSignatureTypeDto
#EnvelopeSignatureTypesRequestDto -> EnvelopeSignatureTypesRequestDto
#EnvelopeStageAutomaticRecipientResponse -> EnvelopeStageAutomaticRecipientResponse
#EnvelopeStageAutomaticRecipientSummaryDto -> EnvelopeStageAutomaticRecipientSummaryDto
#EnvelopeStageItemDto -> EnvelopeStageItemDto
#EnvelopeStageListDto -> EnvelopeStageListDto
#EnvelopeStageListDto.stages.[_] -> Anonymous30
#EnvelopeStageRecipientResponse -> EnvelopeStageRecipientResponse
#EnvelopeStageRecipientSummaryDto -> EnvelopeStageRecipientSummaryDto
#EnvelopeStageStandardRecipientResponse -> EnvelopeStageStandardRecipientResponse
#EnvelopeStageStandardRecipientSummaryDto -> EnvelopeStageStandardRecipientSummaryDto
#EnvelopeViewerLinkDto -> EnvelopeViewerLinkDto
#ErrorResult -> ErrorResult
#ExpirationConfigurationDto -> ExpirationConfigurationDto
#FailedEnvelope -> FailedEnvelope
#FieldTask -> FieldTask
#FieldTaskItemRequest -> FieldTaskItemRequest
#FileDetailResponse -> FileDetailResponse
#FileElementDateValidationConfiguration -> FileElementDateValidationConfiguration
#FileElementDateValidationConfiguration.range -> Range
#FileElementFieldValidationRange -> FileElementFieldValidationRange
#FileElementNumberValidationConfiguration -> FileElementNumberValidationConfiguration
#FileElementNumberValidationConfiguration.range -> Range
#FileElementPhoneValidationConfiguration -> FileElementPhoneValidationConfiguration
#FileElementTextFormat -> FileElementTextFormat
#FileElementTimeValidationConfiguration -> FileElementTimeValidationConfiguration
#FileElementTimeValidationConfiguration.range -> Range
#FileElementsDto -> FileElementsDto
#FileElementsDto.textBoxElements.[_] -> Anonymous31
#FileElementsDto.textBoxElements.[_].elementDefinition -> ElementDefinition
#FileElementsDto.textBoxElements.[_].elementDefinition.position -> Position
#FileElementsDto.textBoxElements.[_].elementDefinition.size -> Size
#FileElementsDto.textBoxElements.[_].elementDefinition.textFormat -> TextFormat
#FileElementsDto.checkBoxElements.[_] -> Anonymous32
#FileElementsDto.checkBoxElements.[_].elementDefinition -> ElementDefinition
#FileElementsDto.checkBoxElements.[_].elementDefinition.position -> Position
#FileElementsDto.checkBoxElements.[_].elementDefinition.size -> Size
#FileElementsDto.signatureElements.[_] -> Anonymous33
#FileElementsDto.signatureElements.[_].allowedSignatureTypes -> AllowedSignatureTypes
#FileElementsDto.signatureElements.[_].elementDefinition -> ElementDefinition
#FileElementsDto.signatureElements.[_].elementDefinition.position -> Position
#FileElementsDto.signatureElements.[_].elementDefinition.size -> Size
#FileElementsDto.dropDownElements.[_] -> Anonymous34
#FileElementsDto.dropDownElements.[_].elementDefinition -> ElementDefinition
#FileElementsDto.dropDownElements.[_].elementDefinition.position -> Position
#FileElementsDto.dropDownElements.[_].elementDefinition.size -> Size
#FileElementsDto.dropDownElements.[_].elementDefinition.textFormat -> TextFormat
#FileElementsDto.listElements.[_] -> Anonymous35
#FileElementsDto.listElements.[_].elementDefinition -> ElementDefinition
#FileElementsDto.listElements.[_].elementDefinition.position -> Position
#FileElementsDto.listElements.[_].elementDefinition.size -> Size
#FileElementsDto.listElements.[_].elementDefinition.textFormat -> TextFormat
#FileElementsDto.listElements.[_].items.[_] -> Anonymous36
#FileElementsDto.documentReadConfirmations.[_] -> Anonymous37
#FileElementsDto.pageReadConfirmations.[_] -> Anonymous38
#FileElementsDto.areaReadConfirmations.[_] -> Anonymous39
#FileElementsDto.areaReadConfirmations.[_].elementDefinition -> ElementDefinition
#FileElementsDto.areaReadConfirmations.[_].elementDefinition.position -> Position
#FileElementsDto.areaReadConfirmations.[_].elementDefinition.size -> Size
#FileElementsDto.linkElements.[_] -> Anonymous40
#FileElementsDto.linkElements.[_].elementDefinition -> ElementDefinition
#FileElementsDto.linkElements.[_].elementDefinition.position -> Position
#FileElementsDto.linkElements.[_].elementDefinition.size -> Size
#FileElementsDto.attachmentElements.[_] -> Anonymous41
#FileElementsDto.attachmentElements.[_].elementDefinition -> ElementDefinition
#FileElementsDto.attachmentElements.[_].elementDefinition.position -> Position
#FileElementsDto.attachmentElements.[_].elementDefinition.size -> Size
#FileElementsDto.annotationElements.[_] -> Anonymous42
#FileElementsDto.annotationElements.[_].elementDefinition -> ElementDefinition
#FileElementsDto.annotationElements.[_].elementDefinition.position -> Position
#FileElementsDto.annotationElements.[_].elementDefinition.size -> Size
#FileElementsDto.annotationElements.[_].elementDefinition.textFormat -> TextFormat
#FileElementsDto.radioButtonElements.[_] -> Anonymous43
#FileElementsDto.radioButtonElements.[_].elementDefinition -> ElementDefinition
#FileElementsDto.radioButtonElements.[_].elementDefinition.position -> Position
#FileElementsDto.radioButtonElements.[_].elementDefinition.size -> Size
#FileElementsDto.approveElements.[_] -> Anonymous44
#FileElementsDto.approveElements.[_].elementDefinition -> ElementDefinition
#FileElementsDto.approveElements.[_].elementDefinition.position -> Position
#FileElementsDto.approveElements.[_].elementDefinition.size -> Size
#FileElementsDto.invisibleSignatureElements.[_] -> Anonymous45
#FileElementsFieldValidation -> FileElementsFieldValidation
#FileElementsPosition -> FileElementsPosition
#FileElementsSize -> FileElementsSize
#FileOrderItem -> FileOrderItem
#FileReadConfirmationField -> FileReadConfirmationField
#FileReadConfirmationFieldDto -> FileReadConfirmationFieldDto
#FileReadConfirmationTaskUpdateRequest -> FileReadConfirmationTaskUpdateRequest
#FileTaskItem -> FileTaskItem
#FirstNameAnnotationConfigDto -> FirstNameAnnotationConfigDto
#FirstNameDefinition -> FirstNameDefinition
#FontStyle -> FontStyle
#ForcedAuthenticationRulesRequest -> ForcedAuthenticationRulesRequest
#ForcedAuthenticationRulesResponse -> ForcedAuthenticationRulesResponse
#FullNameAnnotationConfigDto -> FullNameAnnotationConfigDto
#FullNameDefinition -> FullNameDefinition
#GeneralSettingsDto -> GeneralSettingsDto
#GenericSigningPluginDto -> GenericSigningPluginDto
#GenericSigningPluginSenderSettingsDto -> GenericSigningPluginSenderSettingsDto
#GenericSigningPluginSettingLabelDto -> GenericSigningPluginSettingLabelDto
#GenericSigningPluginsSenderDataDto -> GenericSigningPluginsSenderDataDto
#GetOrganizationsListResponse -> GetOrganizationsListResponse
#GetOrganizationsListResponse.organizations.[_] -> Anonymous46
#GetOrganizationsListResponse.pagination -> Pagination
#GetUsersListResponse -> GetUsersListResponse
#GetUsersListResponse.users.[_] -> Anonymous47
#GetUsersListResponse.users.[_].regionalSettings -> RegionalSettings
#GetUsersListResponse.pagination -> Pagination
#GetUsersResponse -> GetUsersResponse
#GetUsersResponse.users.[_] -> Anonymous48
#GetUsersResponse.users.[_].regionalSettings -> RegionalSettings
#GetUsersResponse.pagination -> Pagination
#HttpValidationProblemDetails -> HttpValidationProblemDetails
#HttpValidationProblemDetails.errors -> Errors
#InitialsAnnotationConfigDto -> InitialsAnnotationConfigDto
#InitialsDefinition -> InitialsDefinition
#IntegrationBulkEnvelopeDto -> IntegrationBulkEnvelopeDto
#IntegrationBulkEnvelopeDto.expirationConfiguration -> ExpirationConfiguration
#IntegrationBulkEnvelopeDto.reminderConfiguration -> ReminderConfiguration
#IntegrationBulkEnvelopeDto.stages.[_] -> Anonymous49
#IntegrationBulkEnvelopeDto.files.[_] -> Anonymous50
#IntegrationEnvelopeDto -> IntegrationEnvelopeDto
#IntegrationEnvelopeDto.expirationConfiguration -> ExpirationConfiguration
#IntegrationEnvelopeDto.reminderConfiguration -> ReminderConfiguration
#IntegrationEnvelopeDto.stages.[_] -> Anonymous51
#IntegrationEnvelopeDto.files.[_] -> Anonymous52
#IntegrationFileDto -> IntegrationFileDto
#IntegrationStageDto -> IntegrationStageDto
#IntegrationTemplateDto -> IntegrationTemplateDto
#IntegrationTemplateDto.expirationConfiguration -> ExpirationConfiguration
#IntegrationTemplateDto.reminderConfiguration -> ReminderConfiguration
#IntegrationTemplateDto.stages.[_] -> Anonymous53
#IntegrationTemplateDto.files.[_] -> Anonymous54
#InvisibleSignatureElementDto -> InvisibleSignatureElementDto
#InvisibleSignatureField -> InvisibleSignatureField
#InvisibleSignatureFieldDto -> InvisibleSignatureFieldDto
#LanguageListItemDto -> LanguageListItemDto
#LanguageSettingDto -> LanguageSettingDto
#LanguageStateRequest -> LanguageStateRequest
#LanguagesDto -> LanguagesDto
#LanguagesDto.options.[_] -> Anonymous55
#LanguagesLookupResponse -> LanguagesLookupResponse
#LanguagesLookupResponse.languages.[_] -> Anonymous56
#LanguagesSettingsResponse -> LanguagesSettingsResponse
#LanguagesSettingsResponse.languages.[_] -> Anonymous57
#LanguagesSettingsUpdateRequest -> LanguagesSettingsUpdateRequest
#LanguagesSettingsUpdateRequest.languages.[_] -> Anonymous58
#LastNameAnnotationConfigDto -> LastNameAnnotationConfigDto
#LastNameDefinition -> LastNameDefinition
#LicenseDto -> LicenseDto
#LinkElementDefinition -> LinkElementDefinition
#LinkElementDefinition.position -> Position
#LinkElementDefinition.size -> Size
#LinkElementDto -> LinkElementDto
#LinkElementDto.elementDefinition -> ElementDefinition
#LinkElementDto.elementDefinition.position -> Position
#LinkElementDto.elementDefinition.size -> Size
#LinkField -> LinkField
#LinkFieldDto -> LinkFieldDto
#ListBoxField -> ListBoxField
#ListBoxFieldDto -> ListBoxFieldDto
#ListBoxFieldDto.font -> Font
#ListBoxTaskUpdateRequest -> ListBoxTaskUpdateRequest
#ListElementDefinition -> ListElementDefinition
#ListElementDefinition.position -> Position
#ListElementDefinition.size -> Size
#ListElementDefinition.textFormat -> TextFormat
#ListElementDto -> ListElementDto
#ListElementDto.elementDefinition -> ElementDefinition
#ListElementDto.elementDefinition.position -> Position
#ListElementDto.elementDefinition.size -> Size
#ListElementDto.elementDefinition.textFormat -> TextFormat
#ListElementDto.items.[_] -> Anonymous59
#ListItemEntry -> ListItemEntry
#LocalCertificateSignature -> LocalCertificateSignature
#LocalCertificateSignatureTypeDto -> LocalCertificateSignatureTypeDto
#LocalCertificateStampImprintDto -> LocalCertificateStampImprintDto
#MetadataValueDto -> MetadataValueDto
#NamedSignatureAppearanceLayoutDto -> NamedSignatureAppearanceLayoutDto
#NamedSignatureAppearanceLayoutRequest -> NamedSignatureAppearanceLayoutRequest
#NextRecipientDto -> NextRecipientDto
#NextRecipientLinkDto -> NextRecipientLinkDto
#NextRecipientLinkDto.recipient -> Recipient
#NextRecipientLinksResponse -> NextRecipientLinksResponse
#NextRecipientLinksResponse.nextRecipientLinks.[_] -> Anonymous60
#NextRecipientLinksResponse.nextRecipientLinks.[_].recipient -> Recipient
#NotificationChannelMessagesDto -> NotificationChannelMessagesDto
#NotificationChannelMessagesDto.messages.[_] -> Anonymous61
#NotificationChannelsDto -> NotificationChannelsDto
#NotificationMessageDto -> NotificationMessageDto
#NotificationPreferencesRequest -> NotificationPreferencesRequest
#NotificationPreferencesResponse -> NotificationPreferencesResponse
#NotificationSettingsDto -> NotificationSettingsDto
#NumberInputConfig -> NumberInputConfig
#NumberSymbol -> NumberSymbol
#OAuthAuthentication -> OAuthAuthentication
#OAuthFieldDefinitionDto -> OAuthFieldDefinitionDto
#OAuthFieldReferenceDto -> OAuthFieldReferenceDto
#OAuthGenericSigningPluginReferenceDto -> OAuthGenericSigningPluginReferenceDto
#OAuthJwtConfigDto -> OAuthJwtConfigDto
#OAuthResourceUriDto -> OAuthResourceUriDto
#OAuthSignerProvider -> OAuthSignerProvider
#OAuthSignerProviderDetailsResponse -> OAuthSignerProviderDetailsResponse
#OAuthSignerProviderDetailsResponse.oAuthSignerProvider -> OAuthSignerProvider
#OAuthSignerProviderDto -> OAuthSignerProviderDto
#OAuthSignerProviderFieldModeResponse -> OAuthSignerProviderFieldModeResponse
#OAuthSignerProviderFieldTargetResponse -> OAuthSignerProviderFieldTargetResponse
#OAuthSignerProvidersResponse -> OAuthSignerProvidersResponse
#OAuthSignerProvidersResponse.oAuthSignerProviders.[_] -> Anonymous62
#OAuthSignerProvidersResponse.pagination -> Pagination
#OneTimePasswordSignature -> OneTimePasswordSignature
#OneTimePasswordSignatureTypeDto -> OneTimePasswordSignatureTypeDto
#OneTimePasswordStampImprintDto -> OneTimePasswordStampImprintDto
#Option -> Option
#OptionDto -> OptionDto
#OrganizationCustomTimeStampServerSettings -> OrganizationCustomTimeStampServerSettings
#OrganizationDefaultSignatureTypeDto -> OrganizationDefaultSignatureTypeDto
#OrganizationDelegationSettingsDto -> OrganizationDelegationSettingsDto
#OrganizationDetailDto -> OrganizationDetailDto
#OrganizationFeatureFlagResponse -> OrganizationFeatureFlagResponse
#OrganizationFeatureFlagsResponse -> OrganizationFeatureFlagsResponse
#OrganizationFeatureFlagsResponse.featureFlags.[_] -> Anonymous63
#OrganizationGeneralPoliciesDto -> OrganizationGeneralPoliciesDto
#OrganizationItemDto -> OrganizationItemDto
#OrganizationLanguageLookupDto -> OrganizationLanguageLookupDto
#OrganizationPAdESConfiguration -> OrganizationPAdESConfiguration
#OrganizationRecipientAuthenticationTypesDto -> OrganizationRecipientAuthenticationTypesDto
#OrganizationRecipientOAuthProviderDto -> OrganizationRecipientOAuthProviderDto
#OrganizationRecipientSettingsDto -> OrganizationRecipientSettingsDto
#OrganizationSettingsPermissions -> OrganizationSettingsPermissions
#OrganizationSignatureTypesDto -> OrganizationSignatureTypesDto
#OrganizationSignatureTypesDto.allowedGenericSigningPlugins.[_] -> Anonymous64
#OrganizationSummaryDto -> OrganizationSummaryDto
#OrganizationUserDto -> OrganizationUserDto
#OrganizationUserDto.regionalSettings -> RegionalSettings
#OrganizationUserRegionalSettingsDto -> OrganizationUserRegionalSettingsDto
#OrganizationUserSummaryDto -> OrganizationUserSummaryDto
#OrganizationUserSummaryDto.regionalSettings -> RegionalSettings
#OtpSignatureDataDto -> OtpSignatureDataDto
#PAdESSignatureConfig -> PAdESSignatureConfig
#PageReadConfirmationDto -> PageReadConfirmationDto
#PageReadConfirmationField -> PageReadConfirmationField
#PageReadConfirmationFieldDto -> PageReadConfirmationFieldDto
#PageReadConfirmationTaskUpdateRequest -> PageReadConfirmationTaskUpdateRequest
#PaginatedRoles -> PaginatedRoles
#PaginatedRoles.roles.[_] -> Anonymous65
#PaginatedRoles.pagination -> Pagination
#Pagination -> Pagination
#PaginationDto -> PaginationDto
#PaginationResponse -> PaginationResponse
#ParseBulkRecipientsResponse -> ParseBulkRecipientsResponse
#ParseBulkRecipientsResponse.bulkRecipients.[_] -> Anonymous66
#PdfDocumentSettingsDto -> PdfDocumentSettingsDto
#PermissionDto -> PermissionDto
#PermissionsDto -> PermissionsDto
#PermissionsDto.envelopes -> Envelopes
#PermissionsDto.templates -> Templates
#PermissionsDto.userGroups -> UserGroups
#PermissionsDto.organizationSettings -> OrganizationSettings
#PermissionsDto.users -> Users
#PermissionsDto.roles -> Roles
#PermissionsDto.automaticESealing -> AutomaticESealing
#PersonalAccessTokenListItemResponse -> PersonalAccessTokenListItemResponse
#PersonalAccessTokenListResponse -> PersonalAccessTokenListResponse
#PersonalAccessTokenListResponse.personalAccessTokens.[_] -> Anonymous67
#PhoneNumberInputConfig -> PhoneNumberInputConfig
#PluginSignature -> PluginSignature
#PluginStampImprintDto -> PluginStampImprintDto
#PoliciesResponse -> PoliciesResponse
#PoliciesResponse.policies.[_] -> Anonymous68
#PoliciesResponse.pagination -> Pagination
#PolicyActionDto -> PolicyActionDto
#PolicyActionDto.stage -> Stage
#PolicyActionDto.recipientSource -> RecipientSource
#PolicyConditionDto -> PolicyConditionDto
#PolicyConditionRequest -> PolicyConditionRequest
#PolicyDto -> PolicyDto
#PolicyListItemResponse -> PolicyListItemResponse
#PolicyRecipientDto -> PolicyRecipientDto
#PolicyRecipientSourceDto -> PolicyRecipientSourceDto
#ProblemDetails -> ProblemDetails
#PutFileDetailRequest -> PutFileDetailRequest
#RadioButtonElementDefinition -> RadioButtonElementDefinition
#RadioButtonElementDefinition.position -> Position
#RadioButtonElementDefinition.size -> Size
#RadioButtonElementDto -> RadioButtonElementDto
#RadioButtonElementDto.elementDefinition -> ElementDefinition
#RadioButtonElementDto.elementDefinition.position -> Position
#RadioButtonElementDto.elementDefinition.size -> Size
#RadioButtonField -> RadioButtonField
#RadioButtonFieldDto -> RadioButtonFieldDto
#RadioButtonTaskUpdateRequest -> RadioButtonTaskUpdateRequest
#RecipientAuthenticationDto -> RecipientAuthenticationDto
#RecipientAuthenticationSettingItemResponse -> RecipientAuthenticationSettingItemResponse
#RecipientAuthenticationSettingsResponse -> RecipientAuthenticationSettingsResponse
#RecipientAuthenticationSettingsResponse.settings.[_] -> Anonymous69
#RecipientDto -> RecipientDto
#RecipientGeneralPoliciesOverridesDto -> RecipientGeneralPoliciesOverridesDto
#RecipientMetadataEntry -> RecipientMetadataEntry
#RecipientSignatureDataDto -> RecipientSignatureDataDto
#RegionalSettingsDto -> RegionalSettingsDto
#RelativeIntegrationExpirationDto -> RelativeIntegrationExpirationDto
#ReminderConfigurationDto -> ReminderConfigurationDto
#RemoteCertificateDto -> RemoteCertificateDto
#RemoteCertificateEnvelopeBulkSignDto -> RemoteCertificateEnvelopeBulkSignDto
#RemoteCertificateSignature -> RemoteCertificateSignature
#RemoteCertificateSignatureTypeDto -> RemoteCertificateSignatureTypeDto
#RemoteCertificateStampImprintDto -> RemoteCertificateStampImprintDto
#ReplacedEnvelopeFileResponse -> ReplacedEnvelopeFileResponse
#ReplacedTemplateFileResponse -> ReplacedTemplateFileResponse
#RequestBulkSignDevicesDto -> RequestBulkSignDevicesDto
#ResumeBatchRequest -> ResumeBatchRequest
#ResumeBatchRequest.data -> Data
#RoleDetailsDto -> RoleDetailsDto
#RoleDetailsDto.permissions.[_] -> Anonymous70
#RoleDto -> RoleDto
#RolesSettings -> RolesSettings
#RotateServiceAccountSecretResponse -> RotateServiceAccountSecretResponse
#RowError -> RowError
#SealingCertificateResponse -> SealingCertificateResponse
#SealingCertificateResponse.sealingCertificate -> SealingCertificate
#SealingCertificateResponse.certificateChain.[_] -> Anonymous71
#SenderAutomaticProfileDto -> SenderAutomaticProfileDto
#SenderDataFieldSettingDto -> SenderDataFieldSettingDto
#SenderDataFieldSettingDto.translatedLabels.[_] -> Anonymous72
#SenderGenericSigningPluginDto -> SenderGenericSigningPluginDto
#SenderGenericSigningPluginSettingsDto -> SenderGenericSigningPluginSettingsDto
#SentBulkEnvelopeResponse -> SentBulkEnvelopeResponse
#SentEnvelopeDto -> SentEnvelopeDto
#ServiceAccountListItemResponse -> ServiceAccountListItemResponse
#ServiceAccountListResponse -> ServiceAccountListResponse
#ServiceAccountListResponse.items.[_] -> Anonymous73
#SettingsDto -> SettingsDto
#SettingsDto.notificationSettings -> NotificationSettings
#SharingOptionsResponse -> SharingOptionsResponse
#SignDeskOpenResultDto -> SignDeskOpenResultDto
#SignatureAppearanceLayoutDto -> SignatureAppearanceLayoutDto
#SignatureAppearanceLayoutRequest -> SignatureAppearanceLayoutRequest
#SignatureElementDefinition -> SignatureElementDefinition
#SignatureElementDefinition.position -> Position
#SignatureElementDefinition.size -> Size
#SignatureElementDto -> SignatureElementDto
#SignatureElementDto.allowedSignatureTypes -> AllowedSignatureTypes
#SignatureElementDto.elementDefinition -> ElementDefinition
#SignatureElementDto.elementDefinition.position -> Position
#SignatureElementDto.elementDefinition.size -> Size
#SignatureField -> SignatureField
#SignatureFieldDto -> SignatureFieldDto
#SignatureImage -> SignatureImage
#SignaturePluginSignatureTypeDto -> SignaturePluginSignatureTypeDto
#SignatureTaskConfiguration -> SignatureTaskConfiguration
#SignatureTaskUpdateRequest -> SignatureTaskUpdateRequest
#SignerAgreements -> SignerAgreements
#SingleInsight -> SingleInsight
#SmsOneTimePassword -> SmsOneTimePassword
#StageConfigurationDto -> StageConfigurationDto
#StageDto -> StageDto
#StageSortOrderItem -> StageSortOrderItem
#StampImprintConfigurationDto -> StampImprintConfigurationDto
#StampImprintConfigurationDto.defaultLayout -> DefaultLayout
#StampImprintConfigurationDto.customSignatures.[_] -> Anonymous74
#StartBulkSignTransactionDto -> StartBulkSignTransactionDto
#StringInputConfig -> StringInputConfig
#SubstituteDelegationDto -> SubstituteDelegationDto
#SupportedElectronicIdentitiesResponse -> SupportedElectronicIdentitiesResponse
#SupportedElectronicIdentitiesResponse.electronicIdentities.[_] -> Anonymous75
#SupportedElectronicIdentityResponse -> SupportedElectronicIdentityResponse
#SupportedFileFormatResponse -> SupportedFileFormatResponse
#SwedishBankIdDto -> SwedishBankIdDto
#SwedishBankIdSignatureTypeDto -> SwedishBankIdSignatureTypeDto
#SwedishBankIdStampImprintDto -> SwedishBankIdStampImprintDto
#SwissComOnDemandDto -> SwissComOnDemandDto
#SwissComOnDemandSignatureTypeDto -> SwissComOnDemandSignatureTypeDto
#SwissComOnDemandStampImprintDto -> SwissComOnDemandStampImprintDto
#TemplateDto -> TemplateDto
#TemplateFieldTask -> TemplateFieldTask
#TemplateFieldTaskItem -> TemplateFieldTaskItem
#TemplateFileTasksResponse -> TemplateFileTasksResponse
#TemplateFileTasksResponse.tasks.[_] -> Anonymous76
#TemplateFilesResponse -> TemplateFilesResponse
#TemplateFilesResponse.files.[_] -> Anonymous77
#TemplateListDto -> TemplateListDto
#TemplateListDto.templates.[_] -> Anonymous78
#TemplateListDto.pagination -> Pagination
#TemplatePermissions -> TemplatePermissions
#TemplateStageAutomaticRecipientResponse -> TemplateStageAutomaticRecipientResponse
#TemplateStageAutomaticRecipientSummaryDto -> TemplateStageAutomaticRecipientSummaryDto
#TemplateStageItemDto -> TemplateStageItemDto
#TemplateStageListDto -> TemplateStageListDto
#TemplateStageListDto.stages.[_] -> Anonymous79
#TemplateStageRecipientResponse -> TemplateStageRecipientResponse
#TemplateStageRecipientSummaryDto -> TemplateStageRecipientSummaryDto
#TemplateStageStandardRecipientResponse -> TemplateStageStandardRecipientResponse
#TemplateStageStandardRecipientSummaryDto -> TemplateStageStandardRecipientSummaryDto
#TemplateThumbnailDto -> TemplateThumbnailDto
#TextAnnotationConfigDto -> TextAnnotationConfigDto
#TextBoxElementDefinition -> TextBoxElementDefinition
#TextBoxElementDefinition.position -> Position
#TextBoxElementDefinition.size -> Size
#TextBoxElementDefinition.textFormat -> TextFormat
#TextBoxElementDto -> TextBoxElementDto
#TextBoxElementDto.elementDefinition -> ElementDefinition
#TextBoxElementDto.elementDefinition.position -> Position
#TextBoxElementDto.elementDefinition.size -> Size
#TextBoxElementDto.elementDefinition.textFormat -> TextFormat
#TextDefinition -> TextDefinition
#TextFieldDto -> TextFieldDto
#TextFieldDto.font -> Font
#TextInputField -> TextInputField
#TextTaskUpdateRequest -> TextTaskUpdateRequest
#TimeInputConfig -> TimeInputConfig
#TimeZoneDto -> TimeZoneDto
#TimeZoneListItemDto -> TimeZoneListItemDto
#TimeZonesDto -> TimeZonesDto
#TimeZonesDto.options.[_] -> Anonymous80
#TimeZonesLookupResponse -> TimeZonesLookupResponse
#TimeZonesLookupResponse.timeZones.[_] -> Anonymous81
#TimestampSettingsDto -> TimestampSettingsDto
#TypeToSignSignature -> TypeToSignSignature
#TypeToSignSignatureTypeDto -> TypeToSignSignatureTypeDto
#TypeToSignStampImprintDto -> TypeToSignStampImprintDto
#UiLanguageDto -> UiLanguageDto
#UpdateATrustCertificateDto -> UpdateATrustCertificateDto
#UpdateAccessCodeDto -> UpdateAccessCodeDto
#UpdateAuditTrailModeRequest -> UpdateAuditTrailModeRequest
#UpdateAuthenticationConfigurationDto -> UpdateAuthenticationConfigurationDto
#UpdateAutomaticSignatureDataDto -> UpdateAutomaticSignatureDataDto
#UpdateBankIdSettingsDto -> UpdateBankIdSettingsDto
#UpdateBasicSettingsDto -> UpdateBasicSettingsDto
#UpdateBulkEnvelopeDto -> UpdateBulkEnvelopeDto
#UpdateBulkEnvelopeDto.expirationConfiguration -> ExpirationConfiguration
#UpdateBulkEnvelopeDto.reminderConfiguration -> ReminderConfiguration
#UpdateBulkEnvelopeFileTasksRequest -> UpdateBulkEnvelopeFileTasksRequest
#UpdateBulkEnvelopeFileTasksRequest.tasks.[_] -> Anonymous82
#UpdateBulkEnvelopeForIntegrationDto -> UpdateBulkEnvelopeForIntegrationDto
#UpdateBulkEnvelopeForIntegrationDto.reminder -> Reminder
#UpdateBulkFileTasksRequest -> UpdateBulkFileTasksRequest
#UpdateBulkFileTasksRequest.fieldTasks.[_] -> Anonymous83
#UpdateDisposableCertificateDto -> UpdateDisposableCertificateDto
#UpdateDisposableCertificateSettingsDto -> UpdateDisposableCertificateSettingsDto
#UpdateDocumentClassRequest -> UpdateDocumentClassRequest
#UpdateEnvelopeDto -> UpdateEnvelopeDto
#UpdateEnvelopeDto.expirationConfiguration -> ExpirationConfiguration
#UpdateEnvelopeDto.reminderConfiguration -> ReminderConfiguration
#UpdateEnvelopeFileTasksRequest -> UpdateEnvelopeFileTasksRequest
#UpdateEnvelopeFileTasksRequest.tasks.[_] -> Anonymous84
#UpdateEnvelopeForIntegrationDto -> UpdateEnvelopeForIntegrationDto
#UpdateEnvelopeForIntegrationDto.reminder -> Reminder
#UpdateEnvelopeRecipientDto -> UpdateEnvelopeRecipientDto
#UpdateEnvelopeStageAutomaticRecipientRequest -> UpdateEnvelopeStageAutomaticRecipientRequest
#UpdateEnvelopeStageRecipientRequest -> UpdateEnvelopeStageRecipientRequest
#UpdateEnvelopeStageRequest -> UpdateEnvelopeStageRequest
#UpdateEnvelopeStageStandardRecipientRequest -> UpdateEnvelopeStageStandardRecipientRequest
#UpdateExpirationConfigurationDto -> UpdateExpirationConfigurationDto
#UpdateFileOrderRequest -> UpdateFileOrderRequest
#UpdateFileOrderRequest.files.[_] -> Anonymous85
#UpdateFileTasksRequest -> UpdateFileTasksRequest
#UpdateFileTasksRequest.fieldTasks.[_] -> Anonymous86
#UpdateForIntegrationReminderDto -> UpdateForIntegrationReminderDto
#UpdateGeneralPoliciesOverridesDto -> UpdateGeneralPoliciesOverridesDto
#UpdateGenericSigningPluginsSenderDataDto -> UpdateGenericSigningPluginsSenderDataDto
#UpdateOAuthAuthenticationDto -> UpdateOAuthAuthenticationDto
#UpdateOAuthFieldDefinitionRequest -> UpdateOAuthFieldDefinitionRequest
#UpdateOAuthJwtConfigRequest -> UpdateOAuthJwtConfigRequest
#UpdateOAuthResourceUriRequest -> UpdateOAuthResourceUriRequest
#UpdateOAuthSignerProviderDetailsRequest -> UpdateOAuthSignerProviderDetailsRequest
#UpdateOAuthSignerProviderDetailsRequest.oAuthSignerProvider -> OAuthSignerProvider
#UpdateOAuthSignerProviderRequest -> UpdateOAuthSignerProviderRequest
#UpdateOrganizationDefaultSignatureTypeRequest -> UpdateOrganizationDefaultSignatureTypeRequest
#UpdateOrganizationDelegationSettingsRequest -> UpdateOrganizationDelegationSettingsRequest
#UpdateOrganizationFeatureFlag -> UpdateOrganizationFeatureFlag
#UpdateOrganizationFeatureFlagsRequest -> UpdateOrganizationFeatureFlagsRequest
#UpdateOrganizationFeatureFlagsRequest.featureFlags.[_] -> Anonymous87
#UpdateOrganizationRecipientSettingsRequest -> UpdateOrganizationRecipientSettingsRequest
#UpdateOrganizationUserDto -> UpdateOrganizationUserDto
#UpdateOrganizationUserDto.userRegionalSettings -> UserRegionalSettings
#UpdateOrganizationUserRolesDto -> UpdateOrganizationUserRolesDto
#UpdateOtpSignatureDataDto -> UpdateOtpSignatureDataDto
#UpdatePdfDocumentSettingsDto -> UpdatePdfDocumentSettingsDto
#UpdatePolicyRequest -> UpdatePolicyRequest
#UpdateRecipientAuthenticationSettingItemRequest -> UpdateRecipientAuthenticationSettingItemRequest
#UpdateRecipientAuthenticationSettingsRequest -> UpdateRecipientAuthenticationSettingsRequest
#UpdateRegionalSettingsDto -> UpdateRegionalSettingsDto
#UpdateReminderConfigurationDto -> UpdateReminderConfigurationDto
#UpdateRemoteCertificateDto -> UpdateRemoteCertificateDto
#UpdateRoleRequest -> UpdateRoleRequest
#UpdateRoleRequest.permissions.[_] -> Anonymous88
#UpdateSenderGenericSigningPluginDto -> UpdateSenderGenericSigningPluginDto
#UpdateSenderGenericSigningPluginSettingsDto -> UpdateSenderGenericSigningPluginSettingsDto
#UpdateSharingOptionsRequest -> UpdateSharingOptionsRequest
#UpdateSignatureDataConfigurationDto -> UpdateSignatureDataConfigurationDto
#UpdateSmsOneTimePasswordDto -> UpdateSmsOneTimePasswordDto
#UpdateStageDto -> UpdateStageDto
#UpdateStageSortOrderRequest -> UpdateStageSortOrderRequest
#UpdateStageSortOrderRequest.stages.[_] -> Anonymous89
#UpdateStampImprintConfigurationRequest -> UpdateStampImprintConfigurationRequest
#UpdateStampImprintConfigurationRequest.defaultLayout -> DefaultLayout
#UpdateStampImprintConfigurationRequest.customSignatures.[_] -> Anonymous90
#UpdateSubstituteDelegationDto -> UpdateSubstituteDelegationDto
#UpdateSwedishBankIdDto -> UpdateSwedishBankIdDto
#UpdateSwissComOnDemandDto -> UpdateSwissComOnDemandDto
#UpdateTemplateDto -> UpdateTemplateDto
#UpdateTemplateDto.expirationConfiguration -> ExpirationConfiguration
#UpdateTemplateDto.reminderConfiguration -> ReminderConfiguration
#UpdateTemplateFieldTasksRequest -> UpdateTemplateFieldTasksRequest
#UpdateTemplateFieldTasksRequest.fieldTasks.[_] -> Anonymous91
#UpdateTemplateFileTasksRequest -> UpdateTemplateFileTasksRequest
#UpdateTemplateFileTasksRequest.tasks.[_] -> Anonymous92
#UpdateTemplateForIntegrationDto -> UpdateTemplateForIntegrationDto
#UpdateTemplateForIntegrationDto.reminder -> Reminder
#UpdateTemplateRecipientDto -> UpdateTemplateRecipientDto
#UpdateTemplateStageAutomaticRecipientRequest -> UpdateTemplateStageAutomaticRecipientRequest
#UpdateTemplateStageRecipientRequest -> UpdateTemplateStageRecipientRequest
#UpdateTemplateStageRequest -> UpdateTemplateStageRequest
#UpdateTemplateStageStandardRecipientRequest -> UpdateTemplateStageStandardRecipientRequest
#UpdatedBasicSettingsDto -> UpdatedBasicSettingsDto
#UserAndOrganizationDto -> UserAndOrganizationDto
#UserApplicationContextDto -> UserApplicationContextDto
#UserApplicationContextDto.signatureTypes -> SignatureTypes
#UserApplicationContextDto.signatureTypes.allowedGenericSigningPlugins.[_] -> Anonymous93
#UserApplicationContextDto.defaultSignatureType -> DefaultSignatureType
#UserApplicationContextDto.recipientAuthenticationTypes -> RecipientAuthenticationTypes
#UserApplicationContextDto.signerAgreements -> SignerAgreements
#UserApplicationContextDto.generalPolicies -> GeneralPolicies
#UserApplicationContextDto.notificationChannels -> NotificationChannels
#UserApplicationContextDto.userPermissions -> UserPermissions
#UserApplicationContextDto.userPermissions.envelopes -> Envelopes
#UserApplicationContextDto.userPermissions.templates -> Templates
#UserApplicationContextDto.userPermissions.userGroups -> UserGroups
#UserApplicationContextDto.userPermissions.organizationSettings -> OrganizationSettings
#UserApplicationContextDto.userPermissions.users -> Users
#UserApplicationContextDto.userPermissions.roles -> Roles
#UserApplicationContextDto.userPermissions.automaticESealing -> AutomaticESealing
#UserApplicationContextDto.userGroupPermissions -> UserGroupPermissions
#UserApplicationContextDto.userGroupPermissions.userGroups -> UserGroups
#UserApplicationContextDto.delegationInfo -> DelegationInfo
#UserDefaultUserGroup -> UserDefaultUserGroup
#UserGroupContactCreateDto -> UserGroupContactCreateDto
#UserGroupContactDto -> UserGroupContactDto
#UserGroupContactFieldDto -> UserGroupContactFieldDto
#UserGroupContactFieldListDto -> UserGroupContactFieldListDto
#UserGroupContactFieldListDto.userGroupContactFields.[_] -> Anonymous94
#UserGroupContactImportResultDto -> UserGroupContactImportResultDto
#UserGroupContactImportValidationErrorResponse -> UserGroupContactImportValidationErrorResponse
#UserGroupContactImportValidationErrorResponse.errors.[_] -> Anonymous95
#UserGroupContactUpdateDto -> UserGroupContactUpdateDto
#UserGroupContactsListDto -> UserGroupContactsListDto
#UserGroupContactsListDto.userGroupContacts.[_] -> Anonymous96
#UserGroupContactsListDto.pagination -> Pagination
#UserGroupContactsPermissionDto -> UserGroupContactsPermissionDto
#UserGroupCreateDto -> UserGroupCreateDto
#UserGroupCustomFieldUpdateData -> UserGroupCustomFieldUpdateData
#UserGroupCustomFieldUpdateRequest -> UserGroupCustomFieldUpdateRequest
#UserGroupCustomFieldUpdateRequest.updatedCustomFields.[_] -> Anonymous97
#UserGroupDto -> UserGroupDto
#UserGroupEnvelopesPermissionDto -> UserGroupEnvelopesPermissionDto
#UserGroupPermissionDataDto -> UserGroupPermissionDataDto
#UserGroupPermissionDataDto.permissions -> Permissions
#UserGroupPermissionDataDto.permissions.users -> Users
#UserGroupPermissionDataDto.permissions.envelopes -> Envelopes
#UserGroupPermissionDataDto.permissions.templates -> Templates
#UserGroupPermissionDataDto.permissions.contacts -> Contacts
#UserGroupPermissionDto -> UserGroupPermissionDto
#UserGroupPermissionDto.users -> Users
#UserGroupPermissionDto.envelopes -> Envelopes
#UserGroupPermissionDto.templates -> Templates
#UserGroupPermissionDto.contacts -> Contacts
#UserGroupPermissionsSetDto -> UserGroupPermissionsSetDto
#UserGroupPermissionsSetDto.userGroups -> UserGroups
#UserGroupTemplatesPermissionDto -> UserGroupTemplatesPermissionDto
#UserGroupUpdateDto -> UserGroupUpdateDto
#UserGroupUserBusinessRoleRequest -> UserGroupUserBusinessRoleRequest
#UserGroupUserDto -> UserGroupUserDto
#UserGroupUserDto.permissions -> Permissions
#UserGroupUserDto.permissions.users -> Users
#UserGroupUserDto.permissions.envelopes -> Envelopes
#UserGroupUserDto.permissions.templates -> Templates
#UserGroupUserDto.permissions.contacts -> Contacts
#UserGroupUserListDto -> UserGroupUserListDto
#UserGroupUserListDto.userGroupUsers.[_] -> Anonymous98
#UserGroupUserListDto.userGroupUsers.[_].permissions -> Permissions
#UserGroupUserListDto.userGroupUsers.[_].permissions.users -> Users
#UserGroupUserListDto.userGroupUsers.[_].permissions.envelopes -> Envelopes
#UserGroupUserListDto.userGroupUsers.[_].permissions.templates -> Templates
#UserGroupUserListDto.userGroupUsers.[_].permissions.contacts -> Contacts
#UserGroupUserListDto.pagination -> Pagination
#UserGroupUsersPermissionDto -> UserGroupUsersPermissionDto
#UserGroupsListDto -> UserGroupsListDto
#UserGroupsListDto.userGroups.[_] -> Anonymous99
#UserGroupsListDto.pagination -> Pagination
#UserGroupsPermissions -> UserGroupsPermissions
#UserImportResultDto -> UserImportResultDto
#UserImportValidationErrorResponse -> UserImportValidationErrorResponse
#UserImportValidationErrorResponse.errors.[_] -> Anonymous100
#UserOrganizationsDto -> UserOrganizationsDto
#UserOrganizationsDto.organizations.[_] -> Anonymous101
#UserRegionalSettingsDto -> UserRegionalSettingsDto
#UserRegionalSettingsRequestDto -> UserRegionalSettingsRequestDto
#UserRoleRequest -> UserRoleRequest
#UserRolesDto -> UserRolesDto
#UsersSettings -> UsersSettings
#ValidateOrganizationDto -> ValidateOrganizationDto
#VersionInfo -> VersionInfo
#WebhookAuthenticationRequest -> WebhookAuthenticationRequest
#WebhookSubscriptionDto -> WebhookSubscriptionDto
#WebhookSubscriptionRequest -> WebhookSubscriptionRequest
#WorkUnitApprovalFieldResponse -> WorkUnitApprovalFieldResponse
#WorkUnitAreaReadConfirmationFieldResponse -> WorkUnitAreaReadConfirmationFieldResponse
#WorkUnitAttachmentFieldResponse -> WorkUnitAttachmentFieldResponse
#WorkUnitAuthenticateRequest -> WorkUnitAuthenticateRequest
#WorkUnitAuthenticationRequiredResponse -> WorkUnitAuthenticationRequiredResponse
#WorkUnitAutomaticSignature -> WorkUnitAutomaticSignature
#WorkUnitAutomaticSignatureResponse -> WorkUnitAutomaticSignatureResponse
#WorkUnitBiometricSignature -> WorkUnitBiometricSignature
#WorkUnitBiometricSignatureResponse -> WorkUnitBiometricSignatureResponse
#WorkUnitCheckboxFieldResponse -> WorkUnitCheckboxFieldResponse
#WorkUnitClickToSignSignature -> WorkUnitClickToSignSignature
#WorkUnitClickToSignSignatureRequest -> WorkUnitClickToSignSignatureRequest
#WorkUnitClickToSignSignatureResponse -> WorkUnitClickToSignSignatureResponse
#WorkUnitDateInputConfigResponseResponse -> WorkUnitDateInputConfigResponseResponse
#WorkUnitDateInputValue -> WorkUnitDateInputValue
#WorkUnitDisposableCertificateSignature -> WorkUnitDisposableCertificateSignature
#WorkUnitDisposableCertificateSignatureResponseResponse -> WorkUnitDisposableCertificateSignatureResponseResponse
#WorkUnitDrawToSignSignature -> WorkUnitDrawToSignSignature
#WorkUnitDrawToSignSignatureRequest -> WorkUnitDrawToSignSignatureRequest
#WorkUnitDrawToSignSignatureResponse -> WorkUnitDrawToSignSignatureResponse
#WorkUnitDropDownFieldResponse -> WorkUnitDropDownFieldResponse
#WorkUnitDropDownFieldResponse.font -> Font
#WorkUnitFieldResponse -> WorkUnitFieldResponse
#WorkUnitFieldTaskResponse -> WorkUnitFieldTaskResponse
#WorkUnitFileReadConfirmationFieldResponse -> WorkUnitFileReadConfirmationFieldResponse
#WorkUnitFileResponse -> WorkUnitFileResponse
#WorkUnitFileResponse.tasks.[_] -> Anonymous102
#WorkUnitFontStyleResponse -> WorkUnitFontStyleResponse
#WorkUnitInvisibleSignatureFieldResponse -> WorkUnitInvisibleSignatureFieldResponse
#WorkUnitLinkFieldResponse -> WorkUnitLinkFieldResponse
#WorkUnitListBoxFieldResponse -> WorkUnitListBoxFieldResponse
#WorkUnitListBoxFieldResponse.font -> Font
#WorkUnitLocalCertificateSignature -> WorkUnitLocalCertificateSignature
#WorkUnitLocalCertificateSignatureResponseResponse -> WorkUnitLocalCertificateSignatureResponseResponse
#WorkUnitNumberInputConfigResponseResponse -> WorkUnitNumberInputConfigResponseResponse
#WorkUnitNumberInputValue -> WorkUnitNumberInputValue
#WorkUnitNumberSymbol -> WorkUnitNumberSymbol
#WorkUnitOneTimePasswordSignature -> WorkUnitOneTimePasswordSignature
#WorkUnitOneTimePasswordSignatureResponse -> WorkUnitOneTimePasswordSignatureResponse
#WorkUnitOptionResponse -> WorkUnitOptionResponse
#WorkUnitPageReadConfirmationFieldResponse -> WorkUnitPageReadConfirmationFieldResponse
#WorkUnitPhoneNumberInputConfigResponseResponse -> WorkUnitPhoneNumberInputConfigResponseResponse
#WorkUnitPluginSignature -> WorkUnitPluginSignature
#WorkUnitPluginSignatureResponseResponse -> WorkUnitPluginSignatureResponseResponse
#WorkUnitRadioButtonFieldResponse -> WorkUnitRadioButtonFieldResponse
#WorkUnitRemoteCertificateSignature -> WorkUnitRemoteCertificateSignature
#WorkUnitRemoteCertificateSignatureResponseResponse -> WorkUnitRemoteCertificateSignatureResponseResponse
#WorkUnitResponse -> WorkUnitResponse
#WorkUnitResponse.files.[_] -> Anonymous103
#WorkUnitResponse.files.[_].tasks.[_] -> Anonymous104
#WorkUnitSignatureFieldResponse -> WorkUnitSignatureFieldResponse
#WorkUnitSignaturePosition -> WorkUnitSignaturePosition
#WorkUnitSignaturePositionRequest -> WorkUnitSignaturePositionRequest
#WorkUnitStringInputConfigResponseResponse -> WorkUnitStringInputConfigResponseResponse
#WorkUnitStringInputValue -> WorkUnitStringInputValue
#WorkUnitTextFieldResponse -> WorkUnitTextFieldResponse
#WorkUnitTextFieldResponse.font -> Font
#WorkUnitTimeInputConfigResponse -> WorkUnitTimeInputConfigResponse
#WorkUnitTypeToSignSignature -> WorkUnitTypeToSignSignature
#WorkUnitTypeToSignSignatureRequest -> WorkUnitTypeToSignSignatureRequest
#WorkUnitTypeToSignSignatureResponse -> WorkUnitTypeToSignSignatureResponse

=== Collected Discriminated Unions ===
